<html>
<body>
<pre>
<h1>µVision Build Log</h1>
<h2>Tool Versions:</h2>
IDE-Version: ¦ÌVision V5.36.0.0
Copyright (C) 2021 ARM Ltd and ARM Germany GmbH. All rights reserved.
License Information: liqi Administrator, ingchips, LIC=14HV2-9D8UP-SBNEJ-URXU7-EHBEB-388E7
 
Tool Versions:
Toolchain:       MDK-ARM Plus  Version: 5.36.0.0
Toolchain Path:  C:\Keil_v5\ARM\ARMCLANG\Bin
C Compiler:      ArmClang.exe V6.16
Assembler:       Armasm.exe V6.16
Linker/Locator:  ArmLink.exe V6.16
Library Manager: ArmAr.exe V6.16
Hex Converter:   FromElf.exe V6.16
CPU DLL:         SARMCM3.DLL V5.36.0.0
Dialog DLL:      DCM.DLL V1.17.3.0
Target DLL:      Segger\JL2CM3.dll V2.99.40.0
Dialog DLL:      TCM.DLL V1.53.0.0
 
<h2>Project:</h2>
D:\work\ING_SDK\sdk\AT_UART\AT_ING\AT_ING.uvprojx
Project File Date:  07/07/2023

<h2>Output:</h2>
*** Using Compiler 'V6.16', folder: 'C:\Keil_v5\ARM\ARMCLANG\Bin'
Rebuild target 'Target 1'
compiling app.c...
compiling main.c...
compiling profile.c...
assembling startup_ing91600.s...
compiling eflash.c...
compiling peripheral_gpio.c...
compiling peripheral_pinctrl.c...
compiling peripheral_rtc.c...
compiling peripheral_sysctrl.c...
compiling peripheral_timer.c...
compiling peripheral_uart.c...
compiling att_db_util.c...
compiling peripheral_dma.c...
compiling bt_cmd_data_uart_io_adp.c...
compiling project_crc.c...
compiling project_common.c...
compiling crc.c...
compiling sdk_private_flash_data.c...
compiling low_power.c...
compiling throughput_service.c...
compiling bt_at_cmd_parse.c...
linking...
Program Size: Code=20148 RO-data=1944 RW-data=432 ZI-data=2300  
FromELF: creating hex file...
After Build - User command #1: fromelf.exe --bin -o AT_ING.bin ./output/AT_ING.axf
".\output\AT_ING.axf" - 0 Error(s), 0 Warning(s).

<h2>Software Packages used:</h2>

Package Vendor: ARM
                http://www.keil.com/pack/ARM.CMSIS.5.8.0.pack
                ARM.CMSIS.5.8.0
                CMSIS (Common Microcontroller Software Interface Standard)
   * Component: CORE Version: 5.5.0

Package Vendor: INGChips
                http://www.ingchips.com/INGChips.INGCHIPS_DeviceFamilyPack.0.9.0.pack
                INGChips.INGCHIPS_DeviceFamilyPack.0.9.0
                INGChips ARM devices Device Family Pack with BSD license.

<h2>Collection of Component include folders:</h2>
  .\RTE\_Target_1
  C:\Users\Administrator\AppData\Local\Arm\Packs\ARM\CMSIS\5.8.0\CMSIS\Core\Include

<h2>Collection of Component Files used:</h2>

   * Component: ARM::CMSIS:CORE:5.5.0
Build Time Elapsed:  00:00:02
</pre>
</body>
</html>
