Component: ARM Compiler 6.16 Tool: armlink [5dfeaa00]

==============================================================================

Section Cross References

    main.o(.ramfunc) refers to peripheral_uart.o(.text.apUART_Check_TXFIFO_FULL) for apUART_Check_TXFIFO_FULL
    main.o(.ramfunc) refers to peripheral_uart.o(.text.UART_SendData) for UART_SendData
    main.o(.ramfunc) refers to main.o(.rodata.str1.1) for .L.str.1
    main.o(.ramfunc) refers to low_power.o(.text.low_power_exit_saving) for low_power_exit_saving
    main.o(.ramfunc) refers to app.o(.text.app_setup_peripherals_before_sleep) for app_setup_peripherals_before_sleep
    main.o(.ARM.exidx.ramfunc) refers to main.o(.ramfunc) for [Anonymous Symbol]
    main.o(.text.app_main) refers to sdk_private_flash_data.o(.text.sdk_load_private_flash_data) for sdk_load_private_flash_data
    main.o(.text.app_main) refers to main.o(.ramfunc) for m_setup_peripherals
    main.o(.text.app_main) refers to peripheral_sysctrl.o(.text.SYSCTRL_Init) for SYSCTRL_Init
    main.o(.text.app_main) refers to main.o(.data.evt_cb_table) for evt_cb_table
    main.o(.text.app_main) refers to main.o(.text.trim_rf_freq) for trim_rf_freq
    main.o(.text.app_main) refers to low_power.o(.text.low_power_create_timer) for low_power_create_timer
    main.o(.text.app_main) refers to main.o(.rodata.str1.1) for .L.str
    main.o(.ARM.exidx.text.app_main) refers to main.o(.text.app_main) for [Anonymous Symbol]
    main.o(.ARM.exidx.text.trim_rf_freq) refers to main.o(.text.trim_rf_freq) for [Anonymous Symbol]
    main.o(.text.cb_hard_fault) refers to main.o(.rodata.str1.1) for .L.str.2
    main.o(.ARM.exidx.text.cb_hard_fault) refers to main.o(.text.cb_hard_fault) for [Anonymous Symbol]
    main.o(.text.cb_assertion) refers to main.o(.rodata.str1.1) for .L.str.3
    main.o(.ARM.exidx.text.cb_assertion) refers to main.o(.text.cb_assertion) for [Anonymous Symbol]
    main.o(.text.cb_heap_out_of_mem) refers to main.o(.rodata.str1.1) for .L.str.4
    main.o(.ARM.exidx.text.cb_heap_out_of_mem) refers to main.o(.text.cb_heap_out_of_mem) for [Anonymous Symbol]
    main.o(.data.evt_cb_table) refers to main.o(.ramfunc) for cb_putc
    main.o(.data.evt_cb_table) refers to profile.o(.text.setup_profile) for setup_profile
    main.o(.data.evt_cb_table) refers to main.o(.text.cb_hard_fault) for cb_hard_fault
    main.o(.data.evt_cb_table) refers to main.o(.text.cb_assertion) for cb_assertion
    main.o(.data.evt_cb_table) refers to main.o(.text.cb_heap_out_of_mem) for cb_heap_out_of_mem
    profile.o(.text.setup_profile) refers to profile.o(.rodata.str1.1) for .L.str
    profile.o(.text.setup_profile) refers to profile.o(.text.conn_timer_callback) for conn_timer_callback
    profile.o(.text.setup_profile) refers to profile.o(.bss.create_conn_timer) for create_conn_timer
    profile.o(.text.setup_profile) refers to profile.o(.text.att_read_callback) for att_read_callback
    profile.o(.text.setup_profile) refers to profile.o(.text.att_write_callback) for att_write_callback
    profile.o(.text.setup_profile) refers to profile.o(.bss.hci_event_callback_registration) for hci_event_callback_registration
    profile.o(.text.setup_profile) refers to profile.o(.text.user_packet_handler) for user_packet_handler
    profile.o(.text.setup_profile) refers to profile.o(.bss.att_db_storage) for att_db_storage
    profile.o(.text.setup_profile) refers to att_db_util.o(.text.att_db_util_init) for att_db_util_init
    profile.o(.text.setup_profile) refers to throughput_service.o(.text.throughput_service_init) for throughput_service_init
    profile.o(.text.setup_profile) refers to app.o(.text.app_start) for app_start
    profile.o(.ARM.exidx.text.setup_profile) refers to profile.o(.text.setup_profile) for [Anonymous Symbol]
    profile.o(.ARM.exidx.text.conn_timer_callback) refers to profile.o(.text.conn_timer_callback) for [Anonymous Symbol]
    profile.o(.text.att_read_callback) refers to throughput_service.o(.text.throughput_att_read_callback) for throughput_att_read_callback
    profile.o(.ARM.exidx.text.att_read_callback) refers to profile.o(.text.att_read_callback) for [Anonymous Symbol]
    profile.o(.text.att_write_callback) refers to throughput_service.o(.text.throughput_att_write_callback) for throughput_att_write_callback
    profile.o(.ARM.exidx.text.att_write_callback) refers to profile.o(.text.att_write_callback) for [Anonymous Symbol]
    profile.o(.text.user_packet_handler) refers to profile.o(.text.hci_event_packet_get_type) for hci_event_packet_get_type
    profile.o(.text.user_packet_handler) refers to profile.o(.text.btstack_event_state_get_state) for btstack_event_state_get_state
    profile.o(.text.user_packet_handler) refers to profile.o(.text.setup_adv) for setup_adv
    profile.o(.text.user_packet_handler) refers to sdk_private_flash_data.o(.data.g_power_off_save_data_in_ram) for g_power_off_save_data_in_ram
[...]
    [Anonymous Symbol]                       0x20005470   Section        0  main.o(.data.evt_cb_table)
    i_am_master_conn_handle                  0x20005570   Data           2  profile.o(.data.i_am_master_conn_handle)
    [Anonymous Symbol]                       0x20005570   Section        0  profile.o(.data.i_am_master_conn_handle)
    i_am_slave_conn_handle                   0x20005572   Data           2  profile.o(.data.i_am_slave_conn_handle)
    [Anonymous Symbol]                       0x20005572   Section        0  profile.o(.data.i_am_slave_conn_handle)
    initiating_id                            0x20005574   Data           1  profile.o(.data.initiating_id)
    [Anonymous Symbol]                       0x20005574   Section        0  profile.o(.data.initiating_id)
    low_power_exit_saving.last_reason        0x20005575   Data           1  low_power.o(.data.low_power_exit_saving.last_reason)
    [Anonymous Symbol]                       0x20005575   Section        0  low_power.o(.data.low_power_exit_saving.last_reason)
    p_power_off_save_data_in_flash           0x20005578   Data           4  sdk_private_flash_data.o(.data.p_power_off_save_data_in_flash)
    [Anonymous Symbol]                       0x20005578   Section        0  sdk_private_flash_data.o(.data.p_power_off_save_data_in_flash)
    throughput_att_io_handle                 0x200055e0   Data           2  throughput_service.o(.data.throughput_att_io_handle)
    [Anonymous Symbol]                       0x200055e0   Section        0  throughput_service.o(.data.throughput_att_io_handle)
    throughput_att_write_notify_handle       0x200055e2   Data           2  throughput_service.o(.data.throughput_att_write_notify_handle)
    [Anonymous Symbol]                       0x200055e2   Section        0  throughput_service.o(.data.throughput_att_write_notify_handle)
    throughput_char_info_data                0x200055e4   Data           1  throughput_service.o(.data.throughput_char_info_data)
    [Anonymous Symbol]                       0x200055e4   Section        0  throughput_service.o(.data.throughput_char_info_data)
    throughput_con_handle                    0x200055e6   Data           2  throughput_service.o(.data.throughput_con_handle)
    [Anonymous Symbol]                       0x200055e6   Section        0  throughput_service.o(.data.throughput_con_handle)
    att_db                                   0x200055e8   Data           4  att_db_util.o(.bss.att_db)
    [Anonymous Symbol]                       0x200055e8   Section        0  att_db_util.o(.bss.att_db)
    att_db_max_size                          0x200055ec   Data           2  att_db_util.o(.bss.att_db_max_size)
    [Anonymous Symbol]                       0x200055ec   Section        0  att_db_util.o(.bss.att_db_max_size)
    att_db_next_handle                       0x200055ee   Data           2  att_db_util.o(.bss.att_db_next_handle)
    [Anonymous Symbol]                       0x200055ee   Section        0  att_db_util.o(.bss.att_db_next_handle)
    att_db_size                              0x200055f0   Data           2  att_db_util.o(.bss.att_db_size)
    [Anonymous Symbol]                       0x200055f0   Section        0  att_db_util.o(.bss.att_db_size)
    att_db_storage                           0x200055f2   Data         500  profile.o(.bss.att_db_storage)
    [Anonymous Symbol]                       0x200055f2   Section        0  profile.o(.bss.att_db_storage)
    ble_buf                                  0x200057e8   Data         824  bt_cmd_data_uart_io_adp.o(.bss.ble_buf)
    [Anonymous Symbol]                       0x200057e8   Section        0  bt_cmd_data_uart_io_adp.o(.bss.ble_buf)
    bt_cmd_data_uart_recv_data.have_data_no_process 0x20005b20   Data           1  bt_cmd_data_uart_io_adp.o(.bss.bt_cmd_data_uart_recv_data.have_data_no_process)
    [Anonymous Symbol]                       0x20005b20   Section        0  bt_cmd_data_uart_io_adp.o(.bss.bt_cmd_data_uart_recv_data.have_data_no_process)
    bt_cmd_data_uart_recv_data.trig_timer_cnt 0x20005b24   Data           4  bt_cmd_data_uart_io_adp.o(.bss.bt_cmd_data_uart_recv_data.trig_timer_cnt)
    [Anonymous Symbol]                       0x20005b24   Section        0  bt_cmd_data_uart_io_adp.o(.bss.bt_cmd_data_uart_recv_data.trig_timer_cnt)
    cmd_out_buf                              0x20005b28   Data          64  bt_cmd_data_uart_io_adp.o(.bss.cmd_out_buf)
    [Anonymous Symbol]                       0x20005b28   Section        0  bt_cmd_data_uart_io_adp.o(.bss.cmd_out_buf)
    com_buf                                  0x20005b68   Data         824  bt_cmd_data_uart_io_adp.o(.bss.com_buf)
    [Anonymous Symbol]                       0x20005b68   Section        0  bt_cmd_data_uart_io_adp.o(.bss.com_buf)
    create_conn_timer                        0x20005ea0   Data           4  profile.o(.bss.create_conn_timer)
    [Anonymous Symbol]                       0x20005ea0   Section        0  profile.o(.bss.create_conn_timer)
    enter_low_power_timer                    0x20005ea4   Data           4  low_power.o(.bss.enter_low_power_timer)
    [Anonymous Symbol]                       0x20005ea4   Section        0  low_power.o(.bss.enter_low_power_timer)
    exit_saving                              0x20005ea8   Data           1  low_power.o(.bss.exit_saving)
    [Anonymous Symbol]                       0x20005ea8   Section        0  low_power.o(.bss.exit_saving)
    gap_is_connection_cancel                 0x20005eac   Data           4  profile.o(.bss.gap_is_connection_cancel)
    [Anonymous Symbol]                       0x20005eac   Section        0  profile.o(.bss.gap_is_connection_cancel)
    hci_event_callback_registration          0x20005eb0   Data           8  profile.o(.bss.hci_event_callback_registration)
    [Anonymous Symbol]                       0x20005eb0   Section        0  profile.o(.bss.hci_event_callback_registration)
    i_am_master_send_data_num                0x20005eb8   Data           4  throughput_service.o(.bss.i_am_master_send_data_num)
    [Anonymous Symbol]                       0x20005eb8   Section        0  throughput_service.o(.bss.i_am_master_send_data_num)
    is_scanning                              0x20005ebc   Data           1  profile.o(.bss.is_scanning)
    [Anonymous Symbol]                       0x20005ebc   Section        0  profile.o(.bss.is_scanning)
    low_power_task_BinarySemaphore           0x20005ec0   Data           4  low_power.o(.bss.low_power_task_BinarySemaphore)
    [Anonymous Symbol]                       0x20005ec0   Section        0  low_power.o(.bss.low_power_task_BinarySemaphore)
    low_power_task_handler                   0x20005ec4   Data           4  low_power.o(.bss.low_power_task_handler)
    [Anonymous Symbol]                       0x20005ec4   Section        0  low_power.o(.bss.low_power_task_handler)
    low_power_timer_is_run                   0x20005ec8   Data           1  low_power.o(.bss.low_power_timer_is_run)
    [Anonymous Symbol]                       0x20005ec8   Section        0  low_power.o(.bss.low_power_timer_is_run)
    m_main_cmd_data_timer                    0x20005ecc   Data           4  bt_cmd_data_uart_io_adp.o(.bss.m_main_cmd_data_timer)
    [Anonymous Symbol]                       0x20005ecc   Section        0  bt_cmd_data_uart_io_adp.o(.bss.m_main_cmd_data_timer)
    m_main_cmd_data_timer_state              0x20005ed0   Data           4  bt_cmd_data_uart_io_adp.o(.bss.m_main_cmd_data_timer_state)
    [Anonymous Symbol]                       0x20005ed0   Section        0  bt_cmd_data_uart_io_adp.o(.bss.m_main_cmd_data_timer_state)
    sem_cmd_process                          0x20005ed4   Data           4  bt_cmd_data_uart_io_adp.o(.bss.sem_cmd_process)
    [Anonymous Symbol]                       0x20005ed4   Section        0  bt_cmd_data_uart_io_adp.o(.bss.sem_cmd_process)
    throughput_notify_enable                 0x20005ed8   Data           1  throughput_service.o(.bss.throughput_notify_enable)
    [Anonymous Symbol]                       0x20005ed8   Section        0  throughput_service.o(.bss.throughput_notify_enable)
    xHigherPriorityTaskWoken                 0x20005edc   Data           4  low_power.o(.bss.xHigherPriorityTaskWoken)
    [Anonymous Symbol]                       0x20005edc   Section        0  low_power.o(.bss.xHigherPriorityTaskWoken)
    STACK                                    0x20005ee0   Section        4  startup_ing91600.o(STACK)
    [Anonymous Symbol]                       0x20007000   Section        0  main.o(.ramfunc)
    m_set_reg_bit                            0x200071d5   Thumb Code    50  main.o(.ramfunc)
    m_setup_peripherals                      0x20007209   Thumb Code   132  main.o(.ramfunc)
    m_config_uart                            0x2000728d   Thumb Code    84  main.o(.ramfunc)
    m_apUART_Initialize                      0x200072e1   Thumb Code   152  main.o(.ramfunc)
    m_apUART_BaudRateSet                     0x20007379   Thumb Code   116  main.o(.ramfunc)
    m_on_deep_sleep_wakeup                   0x200073ed   Thumb Code   122  main.o(.ramfunc)
    m_query_deep_sleep_allowed               0x20007469   Thumb Code    36  main.o(.ramfunc)
    m_GIO_EnableRetentionGroupB              0x2000748d   Thumb Code   184  main.o(.ramfunc)
    m_GIO_EnableRetentionGroupA              0x20007545   Thumb Code    58  main.o(.ramfunc)
    m_GIO_MaskedWrite                        0x20007581   Thumb Code    50  main.o(.ramfunc)

    Global Symbols

    Symbol Name                              Value     Ov Type        Size  Object(Section)

    BuildAttributes$$THM_ISAv4$E$P$D$K$B$S$7EM$VFPi3$EXTD16$VFPS$VFMA$PE$A:L22UL41UL21$X:L11$S22US41US21$IEEE1$IW$~IW$USESV6$~STKCKD$USESV7$~SHL$OTIME$ROPI$EBA8$MICROLIB$REQ8$PRES8$EABIv2 0x00000000   Number         0  anon$$obj.o ABSOLUTE
    __cpp_initialize__aeabi_                  - Undefined Weak Reference
    __cxa_finalize                            - Undefined Weak Reference
    _clock_init                               - Undefined Weak Reference
    _microlib_exit                            - Undefined Weak Reference
    att_dispatch_client_can_send_now         0x02004449   Thumb Code     0  symdefs.m ABSOLUTE
    att_dispatch_client_request_can_send_now_event 0x0200444f   Thumb Code     0  symdefs.m ABSOLUTE
    att_dispatch_register_client             0x02004455   Thumb Code     0  symdefs.m ABSOLUTE
    att_dispatch_register_server             0x02004469   Thumb Code     0  symdefs.m ABSOLUTE
    att_dispatch_server_can_send_now         0x0200447d   Thumb Code     0  symdefs.m ABSOLUTE
    att_dispatch_server_request_can_send_now_event 0x02004483   Thumb Code     0  symdefs.m ABSOLUTE
    att_emit_general_event                   0x02004535   Thumb Code     0  symdefs.m ABSOLUTE
    att_server_can_send_packet_now           0x02004c51   Thumb Code     0  symdefs.m ABSOLUTE
    att_server_deferred_read_response        0x02004c55   Thumb Code     0  symdefs.m ABSOLUTE
    att_server_get_mtu                       0x02004c6d   Thumb Code     0  symdefs.m ABSOLUTE
    att_server_indicate                      0x02004ce5   Thumb Code     0  symdefs.m ABSOLUTE
    att_server_init                          0x02004d69   Thumb Code     0  symdefs.m ABSOLUTE
    att_server_notify                        0x02004da5   Thumb Code     0  symdefs.m ABSOLUTE
    att_server_register_packet_handler       0x02004ebd   Thumb Code     0  symdefs.m ABSOLUTE
    att_server_request_can_send_now_event    0x02004ec9   Thumb Code     0  symdefs.m ABSOLUTE
    att_set_db                               0x02004ee5   Thumb Code     0  symdefs.m ABSOLUTE
    att_set_read_callback                    0x02004ef9   Thumb Code     0  symdefs.m ABSOLUTE
    att_set_write_callback                   0x02004f05   Thumb Code     0  symdefs.m ABSOLUTE
    bd_addr_cmp                              0x020050d9   Thumb Code     0  symdefs.m ABSOLUTE
    bd_addr_copy                             0x020050df   Thumb Code     0  symdefs.m ABSOLUTE
    bd_addr_to_str                           0x020050e9   Thumb Code     0  symdefs.m ABSOLUTE
    big_endian_read_16                       0x02005121   Thumb Code     0  symdefs.m ABSOLUTE
    big_endian_read_32                       0x02005129   Thumb Code     0  symdefs.m ABSOLUTE
    big_endian_store_16                      0x0200513d   Thumb Code     0  symdefs.m ABSOLUTE
    big_endian_store_32                      0x02005149   Thumb Code     0  symdefs.m ABSOLUTE
    btstack_config                           0x020052a9   Thumb Code     0  symdefs.m ABSOLUTE
    btstack_memory_pool_create               0x020053e7   Thumb Code     0  symdefs.m ABSOLUTE
    btstack_memory_pool_free                 0x02005411   Thumb Code     0  symdefs.m ABSOLUTE
    btstack_memory_pool_get                  0x02005471   Thumb Code     0  symdefs.m ABSOLUTE
    btstack_push_user_msg                    0x020054d9   Thumb Code     0  symdefs.m ABSOLUTE
    btstack_push_user_runnable               0x020054e5   Thumb Code     0  symdefs.m ABSOLUTE
    char_for_nibble                          0x02005783   Thumb Code     0  symdefs.m ABSOLUTE
    eTaskConfirmSleepModeStatus              0x02005add   Thumb Code     0  symdefs.m ABSOLUTE
    gap_add_dev_to_periodic_list             0x02006181   Thumb Code     0  symdefs.m ABSOLUTE
    gap_add_whitelist                        0x02006191   Thumb Code     0  symdefs.m ABSOLUTE
    gap_aes_encrypt                          0x0200619d   Thumb Code     0  symdefs.m ABSOLUTE
    gap_clear_white_lists                    0x020061e1   Thumb Code     0  symdefs.m ABSOLUTE
    gap_clr_adv_set                          0x020061ed   Thumb Code     0  symdefs.m ABSOLUTE
    gap_clr_periodic_adv_list                0x020061f9   Thumb Code     0  symdefs.m ABSOLUTE
    gap_create_connection_cancel             0x02006205   Thumb Code     0  symdefs.m ABSOLUTE
    gap_default_periodic_adv_sync_transfer_param 0x02006211   Thumb Code     0  symdefs.m ABSOLUTE
    gap_disconnect                           0x02006229   Thumb Code     0  symdefs.m ABSOLUTE
    gap_disconnect_all                       0x02006255   Thumb Code     0  symdefs.m ABSOLUTE
    gap_ext_create_connection                0x02006295   Thumb Code     0  symdefs.m ABSOLUTE
    gap_get_connection_parameter_range       0x02006385   Thumb Code     0  symdefs.m ABSOLUTE
    gap_le_read_channel_map                  0x020063c1   Thumb Code     0  symdefs.m ABSOLUTE
    gap_periodic_adv_create_sync             0x0200642d   Thumb Code     0  symdefs.m ABSOLUTE
    gap_periodic_adv_create_sync_cancel      0x02006451   Thumb Code     0  symdefs.m ABSOLUTE
    gap_periodic_adv_set_info_transfer       0x0200645d   Thumb Code     0  symdefs.m ABSOLUTE
    gap_periodic_adv_sync_transfer           0x0200646d   Thumb Code     0  symdefs.m ABSOLUTE
    gap_periodic_adv_sync_transfer_param     0x0200647d   Thumb Code     0  symdefs.m ABSOLUTE
    gap_periodic_adv_term_sync               0x02006499   Thumb Code     0  symdefs.m ABSOLUTE
    gap_read_antenna_info                    0x02006521   Thumb Code     0  symdefs.m ABSOLUTE
    gap_read_periodic_adv_list_size          0x0200652d   Thumb Code     0  symdefs.m ABSOLUTE
    gap_read_phy                             0x02006539   Thumb Code     0  symdefs.m ABSOLUTE
    gap_read_remote_used_features            0x02006545   Thumb Code     0  symdefs.m ABSOLUTE
    gap_read_remote_version                  0x02006551   Thumb Code     0  symdefs.m ABSOLUTE
    gap_read_rssi                            0x0200655d   Thumb Code     0  symdefs.m ABSOLUTE
    gap_remove_whitelist                     0x02006569   Thumb Code     0  symdefs.m ABSOLUTE
    gap_rmv_adv_set                          0x020065e5   Thumb Code     0  symdefs.m ABSOLUTE
    gap_rmv_dev_from_periodic_list           0x020065f1   Thumb Code     0  symdefs.m ABSOLUTE
    gap_rx_test_v2                           0x02006601   Thumb Code     0  symdefs.m ABSOLUTE
    gap_rx_test_v3                           0x02006611   Thumb Code     0  symdefs.m ABSOLUTE
    gap_set_adv_set_random_addr              0x0200665d   Thumb Code     0  symdefs.m ABSOLUTE
    gap_set_connection_cte_request_enable    0x020066a5   Thumb Code     0  symdefs.m ABSOLUTE
    gap_set_connection_cte_response_enable   0x020066c1   Thumb Code     0  symdefs.m ABSOLUTE
    gap_set_connection_cte_rx_param          0x020066d1   Thumb Code     0  symdefs.m ABSOLUTE
    gap_set_connection_cte_tx_param          0x0200672d   Thumb Code     0  symdefs.m ABSOLUTE
    gap_set_connection_parameter_range       0x02006781   Thumb Code     0  symdefs.m ABSOLUTE
    gap_set_connectionless_cte_tx_enable     0x02006799   Thumb Code     0  symdefs.m ABSOLUTE
    gap_set_connectionless_cte_tx_param      0x020067a9   Thumb Code     0  symdefs.m ABSOLUTE
    gap_set_connectionless_iq_sampling_enable 0x02006809   Thumb Code     0  symdefs.m ABSOLUTE
    gap_set_data_length                      0x0200686d   Thumb Code     0  symdefs.m ABSOLUTE
    gap_set_def_phy                          0x02006885   Thumb Code     0  symdefs.m ABSOLUTE
    gap_set_ext_adv_data                     0x02006895   Thumb Code     0  symdefs.m ABSOLUTE
    gap_set_ext_adv_enable                   0x020068ad   Thumb Code     0  symdefs.m ABSOLUTE
    gap_set_ext_adv_para                     0x02006929   Thumb Code     0  symdefs.m ABSOLUTE
    gap_set_ext_scan_enable                  0x020069f9   Thumb Code     0  symdefs.m ABSOLUTE
    gap_set_ext_scan_para                    0x02006a11   Thumb Code     0  symdefs.m ABSOLUTE
    gap_set_ext_scan_response_data           0x02006ab9   Thumb Code     0  symdefs.m ABSOLUTE
    gap_set_host_channel_classification      0x02006ad1   Thumb Code     0  symdefs.m ABSOLUTE
    gap_set_periodic_adv_data                0x02006ae1   Thumb Code     0  symdefs.m ABSOLUTE
    gap_set_periodic_adv_enable              0x02006b51   Thumb Code     0  symdefs.m ABSOLUTE
    gap_set_periodic_adv_para                0x02006b61   Thumb Code     0  symdefs.m ABSOLUTE
    gap_set_periodic_adv_rx_enable           0x02006b79   Thumb Code     0  symdefs.m ABSOLUTE
    gap_set_phy                              0x02006b89   Thumb Code     0  symdefs.m ABSOLUTE
    gap_set_random_device_address            0x02006ba5   Thumb Code     0  symdefs.m ABSOLUTE
    gap_start_ccm                            0x02006bd5   Thumb Code     0  symdefs.m ABSOLUTE
    gap_test_end                             0x02006c29   Thumb Code     0  symdefs.m ABSOLUTE
    gap_tx_test_v2                           0x02006c35   Thumb Code     0  symdefs.m ABSOLUTE
    gap_tx_test_v4                           0x02006c4d   Thumb Code     0  symdefs.m ABSOLUTE
    gap_update_connection_parameters         0x02006c71   Thumb Code     0  symdefs.m ABSOLUTE
    gap_vendor_tx_continuous_wave            0x02006cb5   Thumb Code     0  symdefs.m ABSOLUTE
    gatt_client_cancel_write                 0x020071dd   Thumb Code     0  symdefs.m ABSOLUTE
    gatt_client_discover_characteristic_descriptors 0x02007203   Thumb Code     0  symdefs.m ABSOLUTE
    gatt_client_discover_characteristics_for_handle_range_by_uuid128 0x02007243   Thumb Code     0  symdefs.m ABSOLUTE
    gatt_client_discover_characteristics_for_handle_range_by_uuid16 0x02007293   Thumb Code     0  symdefs.m ABSOLUTE
    gatt_client_discover_characteristics_for_service 0x020072e3   Thumb Code     0  symdefs.m ABSOLUTE
    gatt_client_discover_primary_services    0x02007319   Thumb Code     0  symdefs.m ABSOLUTE
    gatt_client_discover_primary_services_by_uuid128 0x0200734b   Thumb Code     0  symdefs.m ABSOLUTE
    gatt_client_discover_primary_services_by_uuid16 0x0200738f   Thumb Code     0  symdefs.m ABSOLUTE
    gatt_client_execute_write                0x020073cd   Thumb Code     0  symdefs.m ABSOLUTE
    gatt_client_find_included_services_for_service 0x020073f3   Thumb Code     0  symdefs.m ABSOLUTE
    gatt_client_get_mtu                      0x02007421   Thumb Code     0  symdefs.m ABSOLUTE
    gatt_client_is_ready                     0x020074e5   Thumb Code     0  symdefs.m ABSOLUTE
    gatt_client_listen_for_characteristic_value_updates 0x020074fb   Thumb Code     0  symdefs.m ABSOLUTE
    gatt_client_prepare_write                0x0200751d   Thumb Code     0  symdefs.m ABSOLUTE
    gatt_client_read_characteristic_descriptor_using_descriptor_handle 0x02007559   Thumb Code     0  symdefs.m ABSOLUTE
    gatt_client_read_long_characteristic_descriptor_using_descriptor_handle 0x02007583   Thumb Code     0  symdefs.m ABSOLUTE
    gatt_client_read_long_characteristic_descriptor_using_descriptor_handle_with_offset 0x02007589   Thumb Code     0  symdefs.m ABSOLUTE
    gatt_client_read_long_value_of_characteristic_using_value_handle 0x020075b7   Thumb Code     0  symdefs.m ABSOLUTE
    gatt_client_read_long_value_of_characteristic_using_value_handle_with_offset 0x020075bd   Thumb Code     0  symdefs.m ABSOLUTE
    gatt_client_read_multiple_characteristic_values 0x020075eb   Thumb Code     0  symdefs.m ABSOLUTE
    gatt_client_read_value_of_characteristic_using_value_handle 0x0200761b   Thumb Code     0  symdefs.m ABSOLUTE
    gatt_client_read_value_of_characteristics_by_uuid128 0x02007649   Thumb Code     0  symdefs.m ABSOLUTE
    gatt_client_read_value_of_characteristics_by_uuid16 0x02007695   Thumb Code     0  symdefs.m ABSOLUTE
    gatt_client_register_handler             0x020076e1   Thumb Code     0  symdefs.m ABSOLUTE
    gatt_client_reliable_write_long_value_of_characteristic 0x020076ed   Thumb Code     0  symdefs.m ABSOLUTE
    gatt_client_signed_write_without_response 0x02007b21   Thumb Code     0  symdefs.m ABSOLUTE
    gatt_client_write_characteristic_descriptor_using_descriptor_handle 0x02007be5   Thumb Code     0  symdefs.m ABSOLUTE
    gatt_client_write_client_characteristic_configuration 0x02007c1f   Thumb Code     0  symdefs.m ABSOLUTE
    gatt_client_write_long_characteristic_descriptor_using_descriptor_handle 0x02007c71   Thumb Code     0  symdefs.m ABSOLUTE
    gatt_client_write_long_characteristic_descriptor_using_descriptor_handle_with_offset 0x02007c81   Thumb Code     0  symdefs.m ABSOLUTE
    gatt_client_write_long_value_of_characteristic 0x02007cbd   Thumb Code     0  symdefs.m ABSOLUTE
    gatt_client_write_long_value_of_characteristic_with_offset 0x02007ccd   Thumb Code     0  symdefs.m ABSOLUTE
    gatt_client_write_value_of_characteristic 0x02007d09   Thumb Code     0  symdefs.m ABSOLUTE
    gatt_client_write_value_of_characteristic_without_response 0x02007d3f   Thumb Code     0  symdefs.m ABSOLUTE
    hci_add_event_handler                    0x02009335   Thumb Code     0  symdefs.m ABSOLUTE
    hci_power_control                        0x02009b35   Thumb Code     0  symdefs.m ABSOLUTE
    hci_register_acl_packet_handler          0x02009ce9   Thumb Code     0  symdefs.m ABSOLUTE
    kv_commit                                0x0200a21d   Thumb Code     0  symdefs.m ABSOLUTE
    kv_get                                   0x0200a275   Thumb Code     0  symdefs.m ABSOLUTE
    kv_init                                  0x0200a28d   Thumb Code     0  symdefs.m ABSOLUTE
    kv_put                                   0x0200a2f5   Thumb Code     0  symdefs.m ABSOLUTE
    kv_remove                                0x0200a36d   Thumb Code     0  symdefs.m ABSOLUTE
    kv_remove_all                            0x0200a3a9   Thumb Code     0  symdefs.m ABSOLUTE
    kv_value_modified                        0x0200a3ed   Thumb Code     0  symdefs.m ABSOLUTE
    kv_visit                                 0x0200a3f1   Thumb Code     0  symdefs.m ABSOLUTE
    l2cap_add_event_handler                  0x0200a4a5   Thumb Code     0  symdefs.m ABSOLUTE
    l2cap_can_send_packet_now                0x0200a4b5   Thumb Code     0  symdefs.m ABSOLUTE
    l2cap_create_le_credit_based_connection_request 0x0200a679   Thumb Code     0  symdefs.m ABSOLUTE
    l2cap_credit_based_send                  0x0200a7c1   Thumb Code     0  symdefs.m ABSOLUTE
    l2cap_credit_based_send_continue         0x0200a7ed   Thumb Code     0  symdefs.m ABSOLUTE
    l2cap_disconnect                         0x0200a869   Thumb Code     0  symdefs.m ABSOLUTE
    l2cap_get_le_credit_based_connection_credits 0x0200aa55   Thumb Code     0  symdefs.m ABSOLUTE
    l2cap_get_peer_mtu_for_local_cid         0x0200aa71   Thumb Code     0  symdefs.m ABSOLUTE
    l2cap_init                               0x0200aeb1   Thumb Code     0  symdefs.m ABSOLUTE
    l2cap_le_send_flow_control_credit        0x0200afa7   Thumb Code     0  symdefs.m ABSOLUTE
    l2cap_max_le_mtu                         0x0200b2b5   Thumb Code     0  symdefs.m ABSOLUTE
    l2cap_register_packet_handler            0x0200b3dd   Thumb Code     0  symdefs.m ABSOLUTE
    l2cap_register_service                   0x0200b3e9   Thumb Code     0  symdefs.m ABSOLUTE
    l2cap_request_can_send_now_event         0x0200b4f9   Thumb Code     0  symdefs.m ABSOLUTE
    l2cap_request_connection_parameter_update 0x0200b513   Thumb Code     0  symdefs.m ABSOLUTE
    l2cap_send_echo_request                  0x0200b9f5   Thumb Code     0  symdefs.m ABSOLUTE
    l2cap_unregister_service                 0x0200bad5   Thumb Code     0  symdefs.m ABSOLUTE
    le_device_db_add                         0x0200bb2d   Thumb Code     0  symdefs.m ABSOLUTE
    le_device_db_find                        0x0200bc01   Thumb Code     0  symdefs.m ABSOLUTE
    le_device_db_from_key                    0x0200bc2d   Thumb Code     0  symdefs.m ABSOLUTE
    le_device_db_iter_cur                    0x0200bc35   Thumb Code     0  symdefs.m ABSOLUTE
    le_device_db_iter_cur_key                0x0200bc39   Thumb Code     0  symdefs.m ABSOLUTE
    le_device_db_iter_init                   0x0200bc3d   Thumb Code     0  symdefs.m ABSOLUTE
    le_device_db_iter_next                   0x0200bc45   Thumb Code     0  symdefs.m ABSOLUTE
    le_device_db_remove_key                  0x0200bc6b   Thumb Code     0  symdefs.m ABSOLUTE
    ll_adjust_conn_peer_tx_power             0x0200bc99   Thumb Code     0  symdefs.m ABSOLUTE
    ll_aes_encrypt                           0x0200bcc5   Thumb Code     0  symdefs.m ABSOLUTE
    ll_config                                0x0200bd39   Thumb Code     0  symdefs.m ABSOLUTE
    ll_free                                  0x0200bd49   Thumb Code     0  symdefs.m ABSOLUTE
    ll_get_heap_free_size                    0x0200bd55   Thumb Code     0  symdefs.m ABSOLUTE
    ll_hint_on_ce_len                        0x0200bd65   Thumb Code     0  symdefs.m ABSOLUTE
    ll_legacy_adv_set_interval               0x0200bd9d   Thumb Code     0  symdefs.m ABSOLUTE
    ll_malloc                                0x0200bdad   Thumb Code     0  symdefs.m ABSOLUTE
    ll_scan_set_fixed_channel                0x0200bf1d   Thumb Code     0  symdefs.m ABSOLUTE
    ll_set_adv_access_address                0x0200c115   Thumb Code     0  symdefs.m ABSOLUTE
    ll_set_adv_coded_scheme                  0x0200c121   Thumb Code     0  symdefs.m ABSOLUTE
    ll_set_conn_coded_scheme                 0x0200c159   Thumb Code     0  symdefs.m ABSOLUTE
    ll_set_conn_latency                      0x0200c185   Thumb Code     0  symdefs.m ABSOLUTE
    ll_set_conn_tx_power                     0x0200c1b5   Thumb Code     0  symdefs.m ABSOLUTE
    ll_set_def_antenna                       0x0200c1f1   Thumb Code     0  symdefs.m ABSOLUTE
    ll_set_initiating_coded_scheme           0x0200c211   Thumb Code     0  symdefs.m ABSOLUTE
    ll_set_max_conn_number                   0x0200c21d   Thumb Code     0  symdefs.m ABSOLUTE
    ll_set_tx_power_range                    0x0200c2b9   Thumb Code     0  symdefs.m ABSOLUTE
    nibble_for_char                          0x0201ed39   Thumb Code     0  symdefs.m ABSOLUTE
    platform_32k_rc_auto_tune                0x0201ede5   Thumb Code     0  symdefs.m ABSOLUTE
    platform_32k_rc_tune                     0x0201ee31   Thumb Code     0  symdefs.m ABSOLUTE
    platform_calibrate_32k                   0x0201ee4d   Thumb Code     0  symdefs.m ABSOLUTE
    platform_config                          0x0201ee51   Thumb Code     0  symdefs.m ABSOLUTE
    platform_enable_irq                      0x0201ef7d   Thumb Code     0  symdefs.m ABSOLUTE
    platform_get_current_task                0x0201efb1   Thumb Code     0  symdefs.m ABSOLUTE
    platform_get_gen_os_driver               0x0201efd5   Thumb Code     0  symdefs.m ABSOLUTE
    platform_get_heap_status                 0x0201efdd   Thumb Code     0  symdefs.m ABSOLUTE
    platform_get_task_handle                 0x0201eff5   Thumb Code     0  symdefs.m ABSOLUTE
    platform_get_us_time                     0x0201f015   Thumb Code     0  symdefs.m ABSOLUTE
    platform_get_version                     0x0201f019   Thumb Code     0  symdefs.m ABSOLUTE
    platform_hrng                            0x0201f021   Thumb Code     0  symdefs.m ABSOLUTE
    platform_install_isr_stack               0x0201f029   Thumb Code     0  symdefs.m ABSOLUTE
    platform_install_task_stack              0x0201f035   Thumb Code     0  symdefs.m ABSOLUTE
    platform_patch_rf_init_data              0x0201f06d   Thumb Code     0  symdefs.m ABSOLUTE
    platform_printf                          0x0201f079   Thumb Code     0  symdefs.m ABSOLUTE
    platform_raise_assertion                 0x0201f08d   Thumb Code     0  symdefs.m ABSOLUTE
    platform_rand                            0x0201f0a1   Thumb Code     0  symdefs.m ABSOLUTE
    platform_read_info                       0x0201f0a5   Thumb Code     0  symdefs.m ABSOLUTE
    platform_read_persistent_reg             0x0201f0d5   Thumb Code     0  symdefs.m ABSOLUTE
    platform_reset                           0x0201f0e1   Thumb Code     0  symdefs.m ABSOLUTE
    platform_set_evt_callback                0x0201f0f5   Thumb Code     0  symdefs.m ABSOLUTE
    platform_set_evt_callback_table          0x0201f109   Thumb Code     0  symdefs.m ABSOLUTE
    platform_set_irq_callback                0x0201f115   Thumb Code     0  symdefs.m ABSOLUTE
    platform_set_irq_callback_table          0x0201f131   Thumb Code     0  symdefs.m ABSOLUTE
    platform_set_rf_clk_source               0x0201f13d   Thumb Code     0  symdefs.m ABSOLUTE
    platform_set_rf_init_data                0x0201f149   Thumb Code     0  symdefs.m ABSOLUTE
    platform_set_rf_power_mapping            0x0201f155   Thumb Code     0  symdefs.m ABSOLUTE
    platform_set_timer                       0x0201f161   Thumb Code     0  symdefs.m ABSOLUTE
    platform_shutdown                        0x0201f165   Thumb Code     0  symdefs.m ABSOLUTE
    platform_switch_app                      0x0201f169   Thumb Code     0  symdefs.m ABSOLUTE
    platform_trace_raw                       0x0201f181   Thumb Code     0  symdefs.m ABSOLUTE
    platform_write_persistent_reg            0x0201f199   Thumb Code     0  symdefs.m ABSOLUTE
    printf_hexdump                           0x0201f351   Thumb Code     0  symdefs.m ABSOLUTE
    pvPortMalloc                             0x0201fe25   Thumb Code     0  symdefs.m ABSOLUTE
    pvTaskIncrementMutexHeldCount            0x0201ff0d   Thumb Code     0  symdefs.m ABSOLUTE
    pvTimerGetTimerID                        0x0201ff25   Thumb Code     0  symdefs.m ABSOLUTE
    pxPortInitialiseStack                    0x0201ff51   Thumb Code     0  symdefs.m ABSOLUTE
    reverse_128                              0x02020139   Thumb Code     0  symdefs.m ABSOLUTE
    reverse_24                               0x0202013f   Thumb Code     0  symdefs.m ABSOLUTE
    reverse_48                               0x02020145   Thumb Code     0  symdefs.m ABSOLUTE
    reverse_56                               0x0202014b   Thumb Code     0  symdefs.m ABSOLUTE
    reverse_64                               0x02020151   Thumb Code     0  symdefs.m ABSOLUTE
    reverse_bd_addr                          0x02020157   Thumb Code     0  symdefs.m ABSOLUTE
    reverse_bytes                            0x0202015d   Thumb Code     0  symdefs.m ABSOLUTE
    sm_add_event_handler                     0x02020479   Thumb Code     0  symdefs.m ABSOLUTE
    sm_address_resolution_lookup             0x020205d1   Thumb Code     0  symdefs.m ABSOLUTE
    sm_authenticated                         0x02020931   Thumb Code     0  symdefs.m ABSOLUTE
    sm_authorization_decline                 0x0202093f   Thumb Code     0  symdefs.m ABSOLUTE
    sm_authorization_grant                   0x0202095f   Thumb Code     0  symdefs.m ABSOLUTE
    sm_authorization_state                   0x0202097f   Thumb Code     0  symdefs.m ABSOLUTE
    sm_bonding_decline                       0x02020999   Thumb Code     0  symdefs.m ABSOLUTE
    sm_config                                0x02020db1   Thumb Code     0  symdefs.m ABSOLUTE
    sm_config_conn                           0x02020dc9   Thumb Code     0  symdefs.m ABSOLUTE
    sm_encryption_key_size                   0x02020f7f   Thumb Code     0  symdefs.m ABSOLUTE
    sm_just_works_confirm                    0x020214b9   Thumb Code     0  symdefs.m ABSOLUTE
    sm_le_device_key                         0x020217f5   Thumb Code     0  symdefs.m ABSOLUTE
    sm_passkey_input                         0x0202188b   Thumb Code     0  symdefs.m ABSOLUTE
    sm_private_random_address_generation_get 0x02021c39   Thumb Code     0  symdefs.m ABSOLUTE
    sm_private_random_address_generation_get_mode 0x02021c41   Thumb Code     0  symdefs.m ABSOLUTE
    sm_private_random_address_generation_set_mode 0x02021c4d   Thumb Code     0  symdefs.m ABSOLUTE
    sm_private_random_address_generation_set_update_period 0x02021c75   Thumb Code     0  symdefs.m ABSOLUTE
    sm_register_oob_data_callback            0x02021db1   Thumb Code     0  symdefs.m ABSOLUTE
    sm_request_pairing                       0x02021dbd   Thumb Code     0  symdefs.m ABSOLUTE
    sm_send_security_request                 0x020227fb   Thumb Code     0  symdefs.m ABSOLUTE
    sm_set_accepted_stk_generation_methods   0x02022821   Thumb Code     0  symdefs.m ABSOLUTE
    sm_set_authentication_requirements       0x0202282d   Thumb Code     0  symdefs.m ABSOLUTE
    sm_set_encryption_key_size_range         0x02022839   Thumb Code     0  symdefs.m ABSOLUTE
    sscanf_bd_addr                           0x02022b99   Thumb Code     0  symdefs.m ABSOLUTE
    sysSetPublicDeviceAddr                   0x02023031   Thumb Code     0  symdefs.m ABSOLUTE
    uuid128_to_str                           0x02023851   Thumb Code     0  symdefs.m ABSOLUTE
    uuid_add_bluetooth_prefix                0x020238a9   Thumb Code     0  symdefs.m ABSOLUTE
    uuid_has_bluetooth_prefix                0x020238c9   Thumb Code     0  symdefs.m ABSOLUTE
    uxListRemove                             0x020238e5   Thumb Code     0  symdefs.m ABSOLUTE
    uxQueueMessagesWaiting                   0x0202390d   Thumb Code     0  symdefs.m ABSOLUTE
    uxQueueMessagesWaitingFromISR            0x02023935   Thumb Code     0  symdefs.m ABSOLUTE
    uxQueueSpacesAvailable                   0x02023951   Thumb Code     0  symdefs.m ABSOLUTE
    uxTaskGetStackHighWaterMark              0x0202397d   Thumb Code     0  symdefs.m ABSOLUTE
    uxTaskPriorityGet                        0x0202399d   Thumb Code     0  symdefs.m ABSOLUTE
    uxTaskPriorityGetFromISR                 0x020239b9   Thumb Code     0  symdefs.m ABSOLUTE
    vListInitialise                          0x02023a77   Thumb Code     0  symdefs.m ABSOLUTE
    vListInitialiseItem                      0x02023a8d   Thumb Code     0  symdefs.m ABSOLUTE
    vListInsert                              0x02023a93   Thumb Code     0  symdefs.m ABSOLUTE
    vListInsertEnd                           0x02023ac3   Thumb Code     0  symdefs.m ABSOLUTE
    vPortEndScheduler                        0x02023add   Thumb Code     0  symdefs.m ABSOLUTE
    vPortEnterCritical                       0x02023b09   Thumb Code     0  symdefs.m ABSOLUTE
    vPortExitCritical                        0x02023b4d   Thumb Code     0  symdefs.m ABSOLUTE
    vPortFree                                0x02023b81   Thumb Code     0  symdefs.m ABSOLUTE
    vPortSuppressTicksAndSleep               0x02023c25   Thumb Code     0  symdefs.m ABSOLUTE
    vPortValidateInterruptPriority           0x02023d4d   Thumb Code     0  symdefs.m ABSOLUTE
    vQueueDelete                             0x02023da9   Thumb Code     0  symdefs.m ABSOLUTE
    vQueueWaitForMessageRestricted           0x02023dd5   Thumb Code     0  symdefs.m ABSOLUTE
    vTaskDelay                               0x02023e19   Thumb Code     0  symdefs.m ABSOLUTE
    vTaskInternalSetTimeOutState             0x02023e65   Thumb Code     0  symdefs.m ABSOLUTE
    vTaskMissedYield                         0x02023e75   Thumb Code     0  symdefs.m ABSOLUTE
    vTaskPlaceOnEventList                    0x02023e81   Thumb Code     0  symdefs.m ABSOLUTE
    vTaskPlaceOnEventListRestricted          0x02023eb9   Thumb Code     0  symdefs.m ABSOLUTE
    vTaskPriorityDisinheritAfterTimeout      0x02023ef9   Thumb Code     0  symdefs.m ABSOLUTE
    vTaskPrioritySet                         0x02023fa5   Thumb Code     0  symdefs.m ABSOLUTE
    vTaskResume                              0x0202406d   Thumb Code     0  symdefs.m ABSOLUTE
    vTaskStartScheduler                      0x020240f1   Thumb Code     0  symdefs.m ABSOLUTE
    vTaskStepTick                            0x02024181   Thumb Code     0  symdefs.m ABSOLUTE
    vTaskSuspend                             0x020241b1   Thumb Code     0  symdefs.m ABSOLUTE
    vTaskSuspendAll                          0x0202426d   Thumb Code     0  symdefs.m ABSOLUTE
    vTaskSwitchContext                       0x0202427d   Thumb Code     0  symdefs.m ABSOLUTE
    xPortStartScheduler                      0x02024325   Thumb Code     0  symdefs.m ABSOLUTE
    xQueueAddToSet                           0x02024429   Thumb Code     0  symdefs.m ABSOLUTE
    xQueueCreateCountingSemaphore            0x0202444d   Thumb Code     0  symdefs.m ABSOLUTE
    xQueueCreateCountingSemaphoreStatic      0x02024489   Thumb Code     0  symdefs.m ABSOLUTE
    xQueueCreateMutex                        0x020244cd   Thumb Code     0  symdefs.m ABSOLUTE
    xQueueCreateMutexStatic                  0x020244e3   Thumb Code     0  symdefs.m ABSOLUTE
    xQueueCreateSet                          0x020244fd   Thumb Code     0  symdefs.m ABSOLUTE
    xQueueGenericCreate                      0x02024505   Thumb Code     0  symdefs.m ABSOLUTE
    xQueueGenericCreateStatic                0x02024551   Thumb Code     0  symdefs.m ABSOLUTE
    xQueueGenericReset                       0x020245b9   Thumb Code     0  symdefs.m ABSOLUTE
    xQueueGenericSend                        0x02024645   Thumb Code     0  symdefs.m ABSOLUTE
    xQueueGenericSendFromISR                 0x020247b1   Thumb Code     0  symdefs.m ABSOLUTE
    xQueueGiveFromISR                        0x02024871   Thumb Code     0  symdefs.m ABSOLUTE
    xQueueGiveMutexRecursive                 0x02024915   Thumb Code     0  symdefs.m ABSOLUTE
    xQueueIsQueueEmptyFromISR                0x02024955   Thumb Code     0  symdefs.m ABSOLUTE
    xQueueIsQueueFullFromISR                 0x02024979   Thumb Code     0  symdefs.m ABSOLUTE
    xQueuePeek                               0x020249a1   Thumb Code     0  symdefs.m ABSOLUTE
    xQueuePeekFromISR                        0x02024ac9   Thumb Code     0  symdefs.m ABSOLUTE
    xQueueReceive                            0x02024b35   Thumb Code     0  symdefs.m ABSOLUTE
    xQueueReceiveFromISR                     0x02024c61   Thumb Code     0  symdefs.m ABSOLUTE
    xQueueRemoveFromSet                      0x02024cf5   Thumb Code     0  symdefs.m ABSOLUTE
    xQueueSelectFromSet                      0x02024d17   Thumb Code     0  symdefs.m ABSOLUTE
    xQueueSelectFromSetFromISR               0x02024d29   Thumb Code     0  symdefs.m ABSOLUTE
    xQueueSemaphoreTake                      0x02024d3d   Thumb Code     0  symdefs.m ABSOLUTE
    xQueueTakeMutexRecursive                 0x02024ea9   Thumb Code     0  symdefs.m ABSOLUTE
    xTaskCheckForTimeOut                     0x02024eed   Thumb Code     0  symdefs.m ABSOLUTE
    xTaskCreate                              0x02024f5d   Thumb Code     0  symdefs.m ABSOLUTE
    xTaskCreateStatic                        0x02024fb9   Thumb Code     0  symdefs.m ABSOLUTE
    xTaskGetCurrentTaskHandle                0x02025029   Thumb Code     0  symdefs.m ABSOLUTE
    xTaskGetSchedulerState                   0x02025035   Thumb Code     0  symdefs.m ABSOLUTE
    xTaskGetTickCount                        0x02025051   Thumb Code     0  symdefs.m ABSOLUTE
    xTaskGetTickCountFromISR                 0x0202505d   Thumb Code     0  symdefs.m ABSOLUTE
    xTaskIncrementTick                       0x0202506d   Thumb Code     0  symdefs.m ABSOLUTE
    xTaskPriorityDisinherit                  0x02025139   Thumb Code     0  symdefs.m ABSOLUTE
    xTaskPriorityInherit                     0x020251cd   Thumb Code     0  symdefs.m ABSOLUTE
    xTaskRemoveFromEventList                 0x02025261   Thumb Code     0  symdefs.m ABSOLUTE
    xTaskResumeAll                           0x020252e1   Thumb Code     0  symdefs.m ABSOLUTE
    xTaskResumeFromISR                       0x020253a9   Thumb Code     0  symdefs.m ABSOLUTE
    xTimerCreate                             0x02025435   Thumb Code     0  symdefs.m ABSOLUTE
    xTimerCreateStatic                       0x02025469   Thumb Code     0  symdefs.m ABSOLUTE
    xTimerCreateTimerTask                    0x020254a1   Thumb Code     0  symdefs.m ABSOLUTE
    xTimerGenericCommand                     0x0202550d   Thumb Code     0  symdefs.m ABSOLUTE
    xTimerGetExpiryTime                      0x0202557d   Thumb Code     0  symdefs.m ABSOLUTE
    xTimerGetTimerDaemonTaskHandle           0x0202559d   Thumb Code     0  symdefs.m ABSOLUTE
    __Vectors                                0x02028000   Data           4  startup_ing91600.o(RESET)
    __main                                   0x02028009   Thumb Code     0  entry.o(.ARM.Collect$$$$00000000)
    _main_stk                                0x02028009   Thumb Code     0  entry2.o(.ARM.Collect$$$$00000001)
    _main_scatterload                        0x0202800d   Thumb Code     0  entry5.o(.ARM.Collect$$$$00000004)
    __main_after_scatterload                 0x02028011   Thumb Code     0  entry5.o(.ARM.Collect$$$$00000004)
    _main_clock                              0x02028011   Thumb Code     0  entry7b.o(.ARM.Collect$$$$00000008)
    _main_cpp_init                           0x02028011   Thumb Code     0  entry8b.o(.ARM.Collect$$$$0000000A)
    _main_init                               0x02028011   Thumb Code     0  entry9a.o(.ARM.Collect$$$$0000000B)
    __rt_final_cpp                           0x02028019   Thumb Code     0  entry10a.o(.ARM.Collect$$$$0000000D)
    __rt_final_exit                          0x02028019   Thumb Code     0  entry11a.o(.ARM.Collect$$$$0000000F)
    Reset_Handler                            0x0202801d   Thumb Code    14  startup_ing91600.o(.text)
    main                                     0x0202802d   Thumb Code    14  startup_ing91600.o(.text)
    __scatterload                            0x02028045   Thumb Code    28  init.o(.text)
    __scatterload_rt2                        0x02028045   Thumb Code     0  init.o(.text)
    __aeabi_memcpy                           0x02028069   Thumb Code    36  memcpya.o(.text)
    __aeabi_memcpy4                          0x02028069   Thumb Code     0  memcpya.o(.text)
    __aeabi_memcpy8                          0x02028069   Thumb Code     0  memcpya.o(.text)
    strncpy                                  0x0202808d   Thumb Code    24  strncpy.o(.text)
    strlen                                   0x020280a5   Thumb Code    14  strlen.o(.text)
    memcmp                                   0x020280b3   Thumb Code    26  memcmp.o(.text)
    __aeabi_dadd                             0x020280cd   Thumb Code   322  dadd.o(.text)
    __aeabi_dsub                             0x0202820f   Thumb Code     6  dadd.o(.text)
    __aeabi_drsub                            0x02028215   Thumb Code     6  dadd.o(.text)
    __aeabi_ddiv                             0x0202821b   Thumb Code   222  ddiv.o(.text)
    __aeabi_uidiv                            0x020282f9   Thumb Code     0  uidiv.o(.text)
    __aeabi_uidivmod                         0x020282f9   Thumb Code    44  uidiv.o(.text)
    __aeabi_uldivmod                         0x02028325   Thumb Code    98  uldiv.o(.text)
    __aeabi_llsl                             0x02028387   Thumb Code    30  llshl.o(.text)
    _ll_shift_l                              0x02028387   Thumb Code     0  llshl.o(.text)
    __aeabi_lasr                             0x020283a5   Thumb Code    36  llsshr.o(.text)
    _ll_sshift_r                             0x020283a5   Thumb Code     0  llsshr.o(.text)
    __I$use$fp                               0x020283c9   Thumb Code     0  iusefp.o(.text)
    _double_round                            0x020283c9   Thumb Code    30  depilogue.o(.text)
    _double_epilogue                         0x020283e7   Thumb Code   156  depilogue.o(.text)
    __aeabi_dmul                             0x02028483   Thumb Code   228  dmul.o(.text)
    __aeabi_d2ulz                            0x02028567   Thumb Code    48  dfixul.o(.text)
    __aeabi_cdrcmple                         0x02028599   Thumb Code    48  cdrcmple.o(.text)
    __aeabi_llsr                             0x020285c9   Thumb Code    32  llushr.o(.text)
    _ll_ushift_r                             0x020285c9   Thumb Code     0  llushr.o(.text)
    __decompress                             0x020285e9   Thumb Code     0  __dczerorl.o(.text)
    __decompress0                            0x020285e9   Thumb Code    58  __dczerorl.o(.text)
    GIO_ConfigIntSource                      0x02028625   Thumb Code   202  peripheral_gpio.o(.text.GIO_ConfigIntSource)
    GIO_EnableDeepSleepWakeupSource          0x020286f1   Thumb Code   466  peripheral_gpio.o(.text.GIO_EnableDeepSleepWakeupSource)
    GIO_EnableRetentionGroupA                0x020288c5   Thumb Code    58  peripheral_gpio.o(.text.GIO_EnableRetentionGroupA)
    GIO_EnableRetentionGroupB                0x02028901   Thumb Code   184  peripheral_gpio.o(.text.GIO_EnableRetentionGroupB)
    GIO_SetDirection                         0x020289ed   Thumb Code   162  peripheral_gpio.o(.text.GIO_SetDirection)
    GIO_WriteValue                           0x02028a91   Thumb Code   116  peripheral_gpio.o(.text.GIO_WriteValue)
    PINCTRL_Pull                             0x02028b05   Thumb Code   144  peripheral_pinctrl.o(.text.PINCTRL_Pull)
    PINCTRL_SelUartRxdIn                     0x02028c25   Thumb Code    82  peripheral_pinctrl.o(.text.PINCTRL_SelUartRxdIn)
    PINCTRL_SetPadMux                        0x02028c79   Thumb Code   422  peripheral_pinctrl.o(.text.PINCTRL_SetPadMux)
    SYSCTRL_ClearClkGate                     0x02028e21   Thumb Code    22  peripheral_sysctrl.o(.text.SYSCTRL_ClearClkGate)
    SYSCTRL_ClearClkGateMulti                0x02028e39   Thumb Code    66  peripheral_sysctrl.o(.text.SYSCTRL_ClearClkGateMulti)
    SYSCTRL_EnableConfigClocksAfterWakeup    0x02029205   Thumb Code   114  peripheral_sysctrl.o(.text.SYSCTRL_EnableConfigClocksAfterWakeup)
    SYSCTRL_EnableSlowRC                     0x02029279   Thumb Code    96  peripheral_sysctrl.o(.text.SYSCTRL_EnableSlowRC)
    SYSCTRL_Init                             0x020292d9   Thumb Code   202  peripheral_sysctrl.o(.text.SYSCTRL_Init)
    SYSCTRL_SetLDOOutput                     0x020293a5   Thumb Code    36  peripheral_sysctrl.o(.text.SYSCTRL_SetLDOOutput)
    TMR_WatchDogRestart                      0x020293c9   Thumb Code    30  peripheral_timer.o(.text.TMR_WatchDogRestart)
    UART_SendData                            0x020293e9   Thumb Code    20  peripheral_uart.o(.text.UART_SendData)
    apUART_BaudRateSet                       0x02029419   Thumb Code   116  peripheral_uart.o(.text.apUART_BaudRateSet)
    apUART_Check_RXFIFO_EMPTY                0x0202948d   Thumb Code    16  peripheral_uart.o(.text.apUART_Check_RXFIFO_EMPTY)
    apUART_Check_TXFIFO_EMPTY                0x0202949d   Thumb Code    16  peripheral_uart.o(.text.apUART_Check_TXFIFO_EMPTY)
    apUART_Check_TXFIFO_FULL                 0x020294ad   Thumb Code    16  peripheral_uart.o(.text.apUART_Check_TXFIFO_FULL)
    apUART_Get_all_raw_int_stat              0x020294bd   Thumb Code    12  peripheral_uart.o(.text.apUART_Get_all_raw_int_stat)
    apUART_Initialize                        0x020294c9   Thumb Code   152  peripheral_uart.o(.text.apUART_Initialize)
    app_low_power_exit_callback              0x02029561   Thumb Code     8  app.o(.text.app_low_power_exit_callback)
    app_main                                 0x02029569   Thumb Code    78  main.o(.text.app_main)
    app_setup_peripherals                    0x020295b9   Thumb Code    50  app.o(.text.app_setup_peripherals)
    app_setup_peripherals_before_sleep       0x020295ed   Thumb Code   142  app.o(.text.app_setup_peripherals_before_sleep)
    app_start                                0x02029691   Thumb Code    28  app.o(.text.app_start)
    att_db_util_add_attribute_uuid16         0x02029779   Thumb Code   212  att_db_util.o(.text.att_db_util_add_attribute_uuid16)
    att_db_util_add_characteristic_uuid128   0x0202984d   Thumb Code   184  att_db_util.o(.text.att_db_util_add_characteristic_uuid128)
    att_db_util_add_service_uuid128          0x02029905   Thumb Code    34  att_db_util.o(.text.att_db_util_add_service_uuid128)
    att_db_util_get_address                  0x02029965   Thumb Code    12  att_db_util.o(.text.att_db_util_get_address)
    att_db_util_init                         0x02029971   Thumb Code    68  att_db_util.o(.text.att_db_util_init)
    baec_msg_handle                          0x02029b25   Thumb Code   188  bt_at_cmd_parse.o(.text.baec_msg_handle)
    bt_cmd_data_ble_recv_data                0x02029ed1   Thumb Code   218  bt_cmd_data_uart_io_adp.o(.text.bt_cmd_data_ble_recv_data)
    bt_cmd_data_com_buf_pop_data             0x02029fad   Thumb Code    66  bt_cmd_data_uart_io_adp.o(.text.bt_cmd_data_com_buf_pop_data)
    bt_cmd_data_com_buf_pop_num              0x02029ff1   Thumb Code   100  bt_cmd_data_uart_io_adp.o(.text.bt_cmd_data_com_buf_pop_num)
    bt_cmd_data_com_buf_top_pos              0x0202a055   Thumb Code    16  bt_cmd_data_uart_io_adp.o(.text.bt_cmd_data_com_buf_top_pos)
    bt_cmd_data_process_init                 0x0202a119   Thumb Code   132  bt_cmd_data_uart_io_adp.o(.text.bt_cmd_data_process_init)
    bt_cmd_data_uart_out                     0x0202a261   Thumb Code    88  bt_cmd_data_uart_io_adp.o(.text.bt_cmd_data_uart_out)
    bt_cmd_data_uart_recv_data               0x0202a2b9   Thumb Code   260  bt_cmd_data_uart_io_adp.o(.text.bt_cmd_data_uart_recv_data)
    dump_ram_data_in_char                    0x0202a779   Thumb Code    12  app.o(.text.dump_ram_data_in_char)
    erase_flash_sector                       0x0202a799   Thumb Code    26  eflash.o(.text.erase_flash_sector)
    flash_get_factory_calib_data             0x0202a7b5   Thumb Code    36  eflash.o(.text.flash_get_factory_calib_data)
    flash_prepare_factory_data               0x0202a7d9   Thumb Code   156  eflash.o(.text.flash_prepare_factory_data)
    low_power_create_timer                   0x0202ab19   Thumb Code   116  low_power.o(.text.low_power_create_timer)
    low_power_exit_saving                    0x0202abbd   Thumb Code   154  low_power.o(.text.low_power_exit_saving)
    print_addr                               0x0202ae2d   Thumb Code    76  app.o(.text.print_addr)
    program_flash                            0x0202aff1   Thumb Code    26  eflash.o(.text.program_flash)
    read_flash_security                      0x0202b00d   Thumb Code    52  eflash.o(.text.read_flash_security)
    sdk_load_private_flash_data              0x0202b0ed   Thumb Code   260  sdk_private_flash_data.o(.text.sdk_load_private_flash_data)
    sdk_private_data_write_to_flash          0x0202b1f1   Thumb Code    28  sdk_private_flash_data.o(.text.sdk_private_data_write_to_flash)
    setup_profile                            0x0202b375   Thumb Code   144  profile.o(.text.setup_profile)
    throughput_att_read_callback             0x0202b4b5   Thumb Code   154  throughput_service.o(.text.throughput_att_read_callback)
    throughput_att_write_callback            0x0202b551   Thumb Code   162  throughput_service.o(.text.throughput_att_write_callback)
    throughput_discover_services             0x0202b80d   Thumb Code    52  throughput_service.o(.text.throughput_discover_services)
    throughput_event_connected               0x0202b841   Thumb Code    24  throughput_service.o(.text.throughput_event_connected)
    throughput_event_disconnect              0x0202b859   Thumb Code    44  throughput_service.o(.text.throughput_event_disconnect)
    throughput_i_am_master_send_data         0x0202b885   Thumb Code   168  throughput_service.o(.text.throughput_i_am_master_send_data)
    throughput_i_am_slave_send_data          0x0202b92d   Thumb Code   160  throughput_service.o(.text.throughput_i_am_slave_send_data)
    throughput_service_init                  0x0202bac9   Thumb Code   130  throughput_service.o(.text.throughput_service_init)
    throughput_user_msg_handler              0x0202bb4d   Thumb Code   114  throughput_service.o(.text.throughput_user_msg_handler)
    timer_start_main_cmd_data                0x0202bbc1   Thumb Code    76  bt_cmd_data_uart_io_adp.o(.text.timer_start_main_cmd_data)
    write_flash                              0x0202be75   Thumb Code   126  eflash.o(.text.write_flash)
    __0sprintf                               0x0202befd   Thumb Code    34  printfa.o(i.__0sprintf)
    __1sprintf                               0x0202befd   Thumb Code     0  printfa.o(i.__0sprintf)
    __2sprintf                               0x0202befd   Thumb Code     0  printfa.o(i.__0sprintf)
    __c89sprintf                             0x0202befd   Thumb Code     0  printfa.o(i.__0sprintf)
    sprintf                                  0x0202befd   Thumb Code     0  printfa.o(i.__0sprintf)
    __scatterload_copy                       0x0202bf25   Thumb Code    14  handlers.o(i.__scatterload_copy)
    __scatterload_null                       0x0202bf33   Thumb Code     2  handlers.o(i.__scatterload_null)
    __scatterload_zeroinit                   0x0202bf35   Thumb Code    14  handlers.o(i.__scatterload_zeroinit)
    io_output_source_map                     0x0202c828   Data         798  peripheral_pinctrl.o(.rodata.io_output_source_map)
    Region$$Table$$Base                      0x0202cf34   Number         0  anon$$obj.o(Region$$Table)
    Region$$Table$$Limit                     0x0202cf64   Number         0  anon$$obj.o(Region$$Table)
    g_power_off_save_data_in_ram             0x200054c8   Data         168  sdk_private_flash_data.o(.data.g_power_off_save_data_in_ram)
    peer_slave                               0x2000557c   Data         100  throughput_service.o(.data.peer_slave)
    g_sys_work_status_bits                   0x20005eaa   Data           2  low_power.o(.bss.g_sys_work_status_bits)
    __initial_sp                             0x20005ee4   Data           0  startup_ing91600.o(STACK)
    cb_putc                                  0x20007001   Thumb Code    52  main.o(.ramfunc)
    fputc                                    0x20007035   Thumb Code    22  main.o(.ramfunc)
    m_send_char                              0x2000704d   Thumb Code    46  main.o(.ramfunc)
    m_SYSCTRL_GetLastWakeupSource            0x2000707d   Thumb Code   322  main.o(.ramfunc)
    m_SYSCTRL_EnableWakeupSourceDetection    0x200071c1   Thumb Code    20  main.o(.ramfunc)
    Long Thumb to Thumb Veneer to apUART_Check_TXFIFO_FULL 0x200075b3   Thumb Code    10  anon$$obj.o(Veneer$$Code)
    Long Thumb to Thumb Veneer to UART_SendData 0x200075bd   Thumb Code    10  anon$$obj.o(Veneer$$Code)
    Long Thumb to Thumb Veneer to platform_printf 0x200075c7   Thumb Code    10  anon$$obj.o(Veneer$$Code)
    Long Thumb to Thumb Veneer to low_power_exit_saving 0x200075d1   Thumb Code    10  anon$$obj.o(Veneer$$Code)
    Long Thumb to Thumb Veneer to app_setup_peripherals_before_sleep 0x200075db   Thumb Code    10  anon$$obj.o(Veneer$$Code)



==============================================================================

Memory Map of the image

  Image Entry point : 0x02028009

  Load Region LR_IROM1 (Base: 0x02028000, Size: 0x000056fc, Max: 0x00058000, ABSOLUTE, COMPRESSED[0x0000561c])

    Execution Region ER_IROM1 (Exec base: 0x02028000, Load base: 0x02028000, Size: 0x00004f64, Max: 0x00058000, ABSOLUTE)

    Exec Addr    Load Addr    Size         Type   Attr      Idx    E Section Name        Object

    0x02028000   0x02028000   0x00000008   Data   RO          123    RESET               startup_ing91600.o
    0x02028008   0x02028008   0x00000000   Code   RO          859  * .ARM.Collect$$$$00000000  mc_w.l(entry.o)
    0x02028008   0x02028008   0x00000004   Code   RO          910    .ARM.Collect$$$$00000001  mc_w.l(entry2.o)
    0x0202800c   0x0202800c   0x00000004   Code   RO          913    .ARM.Collect$$$$00000004  mc_w.l(entry5.o)
    0x02028010   0x02028010   0x00000000   Code   RO          915    .ARM.Collect$$$$00000008  mc_w.l(entry7b.o)
    0x02028010   0x02028010   0x00000000   Code   RO          917    .ARM.Collect$$$$0000000A  mc_w.l(entry8b.o)
    0x02028010   0x02028010   0x00000008   Code   RO          918    .ARM.Collect$$$$0000000B  mc_w.l(entry9a.o)
    0x02028018   0x02028018   0x00000000   Code   RO          920    .ARM.Collect$$$$0000000D  mc_w.l(entry10a.o)
    0x02028018   0x02028018   0x00000000   Code   RO          922    .ARM.Collect$$$$0000000F  mc_w.l(entry11a.o)
    0x02028018   0x02028018   0x00000004   Code   RO          911    .ARM.Collect$$$$00002712  mc_w.l(entry2.o)
    0x0202801c   0x0202801c   0x00000028   Code   RO          124    .text               startup_ing91600.o
    0x02028044   0x02028044   0x00000024   Code   RO          860    .text               mc_w.l(init.o)
    0x02028068   0x02028068   0x00000024   Code   RO          864    .text               mc_w.l(memcpya.o)
    0x0202808c   0x0202808c   0x00000018   Code   RO          866    .text               mc_w.l(strncpy.o)
    0x020280a4   0x020280a4   0x0000000e   Code   RO          868    .text               mc_w.l(strlen.o)
    0x020280b2   0x020280b2   0x0000001a   Code   RO          870    .text               mc_w.l(memcmp.o)
    0x020280cc   0x020280cc   0x0000014e   Code   RO          902    .text               mf_w.l(dadd.o)
    0x0202821a   0x0202821a   0x000000de   Code   RO          904    .text               mf_w.l(ddiv.o)
    0x020282f8   0x020282f8   0x0000002c   Code   RO          934    .text               mc_w.l(uidiv.o)
    0x02028324   0x02028324   0x00000062   Code   RO          936    .text               mc_w.l(uldiv.o)
    0x02028386   0x02028386   0x0000001e   Code   RO          938    .text               mc_w.l(llshl.o)
    0x020283a4   0x020283a4   0x00000024   Code   RO          940    .text               mc_w.l(llsshr.o)
    0x020283c8   0x020283c8   0x00000000   Code   RO          942    .text               mc_w.l(iusefp.o)
    0x020283c8   0x020283c8   0x000000ba   Code   RO          945    .text               mf_w.l(depilogue.o)
    0x02028482   0x02028482   0x000000e4   Code   RO          947    .text               mf_w.l(dmul.o)
    0x02028566   0x02028566   0x00000030   Code   RO          949    .text               mf_w.l(dfixul.o)
    0x02028596   0x02028596   0x00000002   PAD
    0x02028598   0x02028598   0x00000030   Code   RO          951    .text               mf_w.l(cdrcmple.o)
    0x020285c8   0x020285c8   0x00000020   Code   RO          953    .text               mc_w.l(llushr.o)
    0x020285e8   0x020285e8   0x0000003a   Code   RO          963    .text               mc_w.l(__dczerorl.o)
    0x02028622   0x02028622   0x00000002   PAD
    0x02028624   0x02028624   0x000000ca   Code   RO          175    .text.GIO_ConfigIntSource  peripheral_gpio.o
    0x020286ee   0x020286ee   0x00000002   PAD
    0x020286f0   0x020286f0   0x000001d2   Code   RO          201    .text.GIO_EnableDeepSleepWakeupSource  peripheral_gpio.o
    0x020288c2   0x020288c2   0x00000002   PAD
    0x020288c4   0x020288c4   0x0000003a   Code   RO          195    .text.GIO_EnableRetentionGroupA  peripheral_gpio.o
    0x020288fe   0x020288fe   0x00000002   PAD
    0x02028900   0x02028900   0x000000b8   Code   RO          197    .text.GIO_EnableRetentionGroupB  peripheral_gpio.o
    0x020289b8   0x020289b8   0x00000032   Code   RO          165    .text.GIO_MaskedWrite  peripheral_gpio.o
    0x020289ea   0x020289ea   0x00000002   PAD
    0x020289ec   0x020289ec   0x000000a2   Code   RO          163    .text.GIO_SetDirection  peripheral_gpio.o
    0x02028a8e   0x02028a8e   0x00000002   PAD
    0x02028a90   0x02028a90   0x00000074   Code   RO          169    .text.GIO_WriteValue  peripheral_gpio.o
    0x02028b04   0x02028b04   0x00000090   Code   RO          238    .text.PINCTRL_Pull  peripheral_pinctrl.o
    0x02028b94   0x02028b94   0x00000090   Code   RO          220    .text.PINCTRL_SelInput  peripheral_pinctrl.o
    0x02028c24   0x02028c24   0x00000052   Code   RO          232    .text.PINCTRL_SelUartRxdIn  peripheral_pinctrl.o
    0x02028c76   0x02028c76   0x00000002   PAD
    0x02028c78   0x02028c78   0x000001a6   Code   RO          222    .text.PINCTRL_SetPadMux  peripheral_pinctrl.o
    0x02028e1e   0x02028e1e   0x00000002   PAD
    0x02028e20   0x02028e20   0x00000016   Code   RO          332    .text.SYSCTRL_ClearClkGate  peripheral_sysctrl.o
    0x02028e36   0x02028e36   0x00000002   PAD
    0x02028e38   0x02028e38   0x00000042   Code   RO          336    .text.SYSCTRL_ClearClkGateMulti  peripheral_sysctrl.o
    0x02028e7a   0x02028e7a   0x00000002   PAD
    0x02028e7c   0x02028e7c   0x00000386   Code   RO          330    .text.SYSCTRL_ClkGateCtrl  peripheral_sysctrl.o
    0x02029202   0x02029202   0x00000002   PAD
    0x02029204   0x02029204   0x00000072   Code   RO          398    .text.SYSCTRL_EnableConfigClocksAfterWakeup  peripheral_sysctrl.o
    0x02029276   0x02029276   0x00000002   PAD
    0x02029278   0x02029278   0x00000060   Code   RO          374    .text.SYSCTRL_EnableSlowRC  peripheral_sysctrl.o
    0x020292d8   0x020292d8   0x000000ca   Code   RO          464    .text.SYSCTRL_Init  peripheral_sysctrl.o
    0x020293a2   0x020293a2   0x00000002   PAD
    0x020293a4   0x020293a4   0x00000024   Code   RO          438    .text.SYSCTRL_SetLDOOutput  peripheral_sysctrl.o
    0x020293c8   0x020293c8   0x0000001e   Code   RO          497    .text.TMR_WatchDogRestart  peripheral_timer.o
    0x020293e6   0x020293e6   0x00000002   PAD
    0x020293e8   0x020293e8   0x00000014   Code   RO          554    .text.UART_SendData  peripheral_uart.o
    0x020293fc   0x020293fc   0x0000001a   Code   RO           61    .text.adv_user_msg_handler  profile.o
    0x02029416   0x02029416   0x00000002   PAD
    0x02029418   0x02029418   0x00000074   Code   RO          508    .text.apUART_BaudRateSet  peripheral_uart.o
    0x0202948c   0x0202948c   0x00000010   Code   RO          514    .text.apUART_Check_RXFIFO_EMPTY  peripheral_uart.o
    0x0202949c   0x0202949c   0x00000010   Code   RO          518    .text.apUART_Check_TXFIFO_EMPTY  peripheral_uart.o
    0x020294ac   0x020294ac   0x00000010   Code   RO          520    .text.apUART_Check_TXFIFO_FULL  peripheral_uart.o
    0x020294bc   0x020294bc   0x0000000c   Code   RO          538    .text.apUART_Get_all_raw_int_stat  peripheral_uart.o
    0x020294c8   0x020294c8   0x00000098   Code   RO          552    .text.apUART_Initialize  peripheral_uart.o
    0x02029560   0x02029560   0x00000008   Code   RO           91    .text.app_low_power_exit_callback  app.o
    0x02029568   0x02029568   0x0000004e   Code   RO            4    .text.app_main      main.o
    0x020295b6   0x020295b6   0x00000002   PAD
    0x020295b8   0x020295b8   0x00000032   Code   RO           87    .text.app_setup_peripherals  app.o
    0x020295ea   0x020295ea   0x00000002   PAD
    0x020295ec   0x020295ec   0x0000008e   Code   RO           93    .text.app_setup_peripherals_before_sleep  app.o
    0x0202967a   0x0202967a   0x00000002   PAD
    0x0202967c   0x0202967c   0x00000014   Code   RO          107    .text.app_setup_uart1_isr  app.o
    0x02029690   0x02029690   0x0000001c   Code   RO           95    .text.app_start     app.o
    0x020296ac   0x020296ac   0x000000ca   Code   RO          624    .text.att_db_util_add_attribute_uuid128  att_db_util.o
    0x02029776   0x02029776   0x00000002   PAD
    0x02029778   0x02029778   0x000000d4   Code   RO          610    .text.att_db_util_add_attribute_uuid16  att_db_util.o
    0x0202984c   0x0202984c   0x000000b8   Code   RO          622    .text.att_db_util_add_characteristic_uuid128  att_db_util.o
    0x02029904   0x02029904   0x00000022   Code   RO          618    .text.att_db_util_add_service_uuid128  att_db_util.o
    0x02029926   0x02029926   0x00000002   PAD
    0x02029928   0x02029928   0x0000003a   Code   RO          612    .text.att_db_util_assert_space  att_db_util.o
    0x02029962   0x02029962   0x00000002   PAD
    0x02029964   0x02029964   0x0000000c   Code   RO          626    .text.att_db_util_get_address  att_db_util.o
    0x02029970   0x02029970   0x00000044   Code   RO          606    .text.att_db_util_init  att_db_util.o
    0x020299b4   0x020299b4   0x00000026   Code   RO          608    .text.att_db_util_set_end_tag  att_db_util.o
    0x020299da   0x020299da   0x00000002   PAD
    0x020299dc   0x020299dc   0x0000005e   Code   RO           27    .text.att_read_callback  profile.o
    0x02029a3a   0x02029a3a   0x00000002   PAD
    0x02029a3c   0x02029a3c   0x00000068   Code   RO           29    .text.att_write_callback  profile.o
    0x02029aa4   0x02029aa4   0x0000007e   Code   RO           41    .text.auto_connect  profile.o
    0x02029b22   0x02029b22   0x00000002   PAD
    0x02029b24   0x02029b24   0x000000bc   Code   RO          841    .text.baec_msg_handle  bt_at_cmd_parse.o
    0x02029be0   0x02029be0   0x00000190   Code   RO          847    .text.bt_at_handle_addr  bt_at_cmd_parse.o
    0x02029d70   0x02029d70   0x0000014a   Code   RO          843    .text.bt_at_handle_cona  bt_at_cmd_parse.o
    0x02029eba   0x02029eba   0x00000002   PAD
    0x02029ebc   0x02029ebc   0x00000014   Code   RO          845    .text.bt_at_handle_role  bt_at_cmd_parse.o
    0x02029ed0   0x02029ed0   0x000000da   Code   RO          654    .text.bt_cmd_data_ble_recv_data  bt_cmd_data_uart_io_adp.o
    0x02029faa   0x02029faa   0x00000002   PAD
    0x02029fac   0x02029fac   0x00000042   Code   RO          652    .text.bt_cmd_data_com_buf_pop_data  bt_cmd_data_uart_io_adp.o
    0x02029fee   0x02029fee   0x00000002   PAD
    0x02029ff0   0x02029ff0   0x00000064   Code   RO          648    .text.bt_cmd_data_com_buf_pop_num  bt_cmd_data_uart_io_adp.o
    0x0202a054   0x0202a054   0x00000010   Code   RO          650    .text.bt_cmd_data_com_buf_top_pos  bt_cmd_data_uart_io_adp.o
    0x0202a064   0x0202a064   0x00000066   Code   RO          676    .text.bt_cmd_data_port_check_buf_into_lowpower  bt_cmd_data_uart_io_adp.o
    0x0202a0ca   0x0202a0ca   0x00000002   PAD
    0x0202a0cc   0x0202a0cc   0x0000004c   Code   RO          682    .text.bt_cmd_data_print_buf_state  bt_cmd_data_uart_io_adp.o
    0x0202a118   0x0202a118   0x00000084   Code   RO          670    .text.bt_cmd_data_process_init  bt_cmd_data_uart_io_adp.o
    0x0202a19c   0x0202a19c   0x00000046   Code   RO          109    .text.bt_cmd_data_uart1_isr  app.o
    0x0202a1e2   0x0202a1e2   0x00000002   PAD
    0x0202a1e4   0x0202a1e4   0x0000007a   Code   RO          678    .text.bt_cmd_data_uart_handle_task_send_data  bt_cmd_data_uart_io_adp.o
    0x0202a25e   0x0202a25e   0x00000002   PAD
    0x0202a260   0x0202a260   0x00000058   Code   RO          646    .text.bt_cmd_data_uart_out  bt_cmd_data_uart_io_adp.o
    0x0202a2b8   0x0202a2b8   0x00000104   Code   RO          658    .text.bt_cmd_data_uart_recv_data  bt_cmd_data_uart_io_adp.o
    0x0202a3bc   0x0202a3bc   0x000000a4   Code   RO          680    .text.bt_cmd_data_uart_rx_cmd_process  bt_cmd_data_uart_io_adp.o
    0x0202a460   0x0202a460   0x0000007a   Code   RO          660    .text.bt_cmd_data_uart_rx_data_fun  bt_cmd_data_uart_io_adp.o
    0x0202a4da   0x0202a4da   0x00000002   PAD
    0x0202a4dc   0x0202a4dc   0x0000004a   Code   RO          817    .text.btstack_callback  throughput_service.o
    0x0202a526   0x0202a526   0x00000002   PAD
    0x0202a528   0x0202a528   0x0000000c   Code   RO           35    .text.btstack_event_state_get_state  profile.o
    0x0202a534   0x0202a534   0x00000056   Code   RO           63    .text.cancel_initiating  profile.o
    0x0202a58a   0x0202a58a   0x00000002   PAD
    0x0202a58c   0x0202a58c   0x0000001e   Code   RO           10    .text.cb_assertion  main.o
    0x0202a5aa   0x0202a5aa   0x00000002   PAD
    0x0202a5ac   0x0202a5ac   0x00000056   Code   RO            8    .text.cb_hard_fault  main.o
    0x0202a602   0x0202a602   0x00000002   PAD
    0x0202a604   0x0202a604   0x0000001a   Code   RO           12    .text.cb_heap_out_of_mem  main.o
    0x0202a61e   0x0202a61e   0x00000002   PAD
    0x0202a620   0x0202a620   0x000000c8   Code   RO          674    .text.cmd_process_task  bt_cmd_data_uart_io_adp.o
    0x0202a6e8   0x0202a6e8   0x00000014   Code   RO           25    .text.conn_timer_callback  profile.o
    0x0202a6fc   0x0202a6fc   0x0000007a   Code   RO          147    .text.copy_security_data  eflash.o
    0x0202a776   0x0202a776   0x00000002   PAD
    0x0202a778   0x0202a778   0x0000000c   Code   RO          103    .text.dump_ram_data_in_char  app.o
    0x0202a784   0x0202a784   0x00000012   Code   RO          754    .text.enter_low_power_timer_callback  low_power.o
    0x0202a796   0x0202a796   0x00000002   PAD
    0x0202a798   0x0202a798   0x0000001a   Code   RO          131    .text.erase_flash_sector  eflash.o
    0x0202a7b2   0x0202a7b2   0x00000002   PAD
    0x0202a7b4   0x0202a7b4   0x00000024   Code   RO          151    .text.flash_get_factory_calib_data  eflash.o
    0x0202a7d8   0x0202a7d8   0x0000009c   Code   RO          143    .text.flash_prepare_factory_data  eflash.o
    0x0202a874   0x0202a874   0x0000000c   Code   RO          811    .text.gatt_event_all_characteristic_descriptors_query_result_parse  throughput_service.o
    0x0202a880   0x0202a880   0x0000000c   Code   RO          807    .text.gatt_event_characteristic_query_result_parse  throughput_service.o
    0x0202a88c   0x0202a88c   0x0000001c   Code   RO          819    .text.gatt_event_notification_parse  throughput_service.o
    0x0202a8a8   0x0202a8a8   0x0000000c   Code   RO          803    .text.gatt_event_query_complete_parse  throughput_service.o
    0x0202a8b4   0x0202a8b4   0x0000000c   Code   RO          801    .text.gatt_event_service_query_result_parse  throughput_service.o
    0x0202a8c0   0x0202a8c0   0x00000028   Code   RO          813    .text.get_sig_short_uuid  throughput_service.o
    0x0202a8e8   0x0202a8e8   0x0000002c   Code   RO          664    .text.give_sem_process_cmd  bt_cmd_data_uart_io_adp.o
    0x0202a914   0x0202a914   0x0000002c   Code   RO          662    .text.give_sem_send_data_by_ble  bt_cmd_data_uart_io_adp.o
    0x0202a940   0x0202a940   0x0000002c   Code   RO          656    .text.give_sem_send_data_by_com  bt_cmd_data_uart_io_adp.o
    0x0202a96c   0x0202a96c   0x0000000c   Code   RO           39    .text.hci_event_le_meta_get_subevent_code  profile.o
    0x0202a978   0x0202a978   0x0000000c   Code   RO           33    .text.hci_event_packet_get_type  profile.o
    0x0202a984   0x0202a984   0x0000000c   Code   RO           51    .text.hci_event_packet_get_user_msg  profile.o
    0x0202a990   0x0202a990   0x0000003c   Code   RO           45    .text.i_am_master_connected_slave  profile.o
    0x0202a9cc   0x0202a9cc   0x0000001c   Code   RO           47    .text.i_am_master_disconnected_slave  profile.o
    0x0202a9e8   0x0202a9e8   0x00000018   Code   RO           43    .text.i_am_slave_connected_master  profile.o
    0x0202aa00   0x0202aa00   0x0000002c   Code   RO           49    .text.i_am_slave_disconnected_master  profile.o
    0x0202aa2c   0x0202aa2c   0x000000a8   Code   RO           57    .text.initiating    profile.o
    0x0202aad4   0x0202aad4   0x00000042   Code   RO          145    .text.is_data_ready  eflash.o
    0x0202ab16   0x0202ab16   0x00000002   PAD
    0x0202ab18   0x0202ab18   0x00000074   Code   RO          752    .text.low_power_create_timer  low_power.o
    0x0202ab8c   0x0202ab8c   0x00000030   Code   RO          758    .text.low_power_enter_saving  low_power.o
    0x0202abbc   0x0202abbc   0x0000009a   Code   RO          750    .text.low_power_exit_saving  low_power.o
    0x0202ac56   0x0202ac56   0x00000002   PAD
    0x0202ac58   0x0202ac58   0x0000004e   Code   RO          760    .text.low_power_start_timer  low_power.o
    0x0202aca6   0x0202aca6   0x00000002   PAD
    0x0202aca8   0x0202aca8   0x00000044   Code   RO          756    .text.low_power_task  low_power.o
    0x0202acec   0x0202acec   0x00000010   Code   RO          672    .text.main_cmd_data_timer_task  bt_cmd_data_uart_io_adp.o
    0x0202acfc   0x0202acfc   0x0000008e   Code   RO          177    .text.map_int_mode  peripheral_gpio.o
    0x0202ad8a   0x0202ad8a   0x00000002   PAD
    0x0202ad8c   0x0202ad8c   0x0000009e   Code   RO          264    .text.pin_id_for_input_source  peripheral_pinctrl.o
    0x0202ae2a   0x0202ae2a   0x00000002   PAD
    0x0202ae2c   0x0202ae2c   0x0000004c   Code   RO          101    .text.print_addr    app.o
    0x0202ae78   0x0202ae78   0x000000be   Code   RO           99    .text.print_dev_info  app.o
    0x0202af36   0x0202af36   0x00000002   PAD
    0x0202af38   0x0202af38   0x000000b6   Code   RO           59    .text.profile_user_msg_handler  profile.o
    0x0202afee   0x0202afee   0x00000002   PAD
    0x0202aff0   0x0202aff0   0x0000001a   Code   RO          133    .text.program_flash  eflash.o
    0x0202b00a   0x0202b00a   0x00000002   PAD
    0x0202b00c   0x0202b00c   0x00000034   Code   RO          139    .text.read_flash_security  eflash.o
    0x0202b040   0x0202b040   0x00000056   Code   RO          105    .text.sdk_config_uart  app.o
    0x0202b096   0x0202b096   0x00000002   PAD
    0x0202b098   0x0202b098   0x00000052   Code   RO           89    .text.sdk_config_uart1_com  app.o
    0x0202b0ea   0x0202b0ea   0x00000002   PAD
    0x0202b0ec   0x0202b0ec   0x00000104   Code   RO          738    .text.sdk_load_private_flash_data  sdk_private_flash_data.o
    0x0202b1f0   0x0202b1f0   0x0000001c   Code   RO          734    .text.sdk_private_data_write_to_flash  sdk_private_flash_data.o
    0x0202b20c   0x0202b20c   0x00000006   Code   RO          141    .text.security_page_read  eflash.o
    0x0202b212   0x0202b212   0x00000002   PAD
    0x0202b214   0x0202b214   0x00000032   Code   RO          346    .text.set_reg_bit   peripheral_sysctrl.o
    0x0202b246   0x0202b246   0x00000002   PAD
    0x0202b248   0x0202b248   0x00000044   Code   RO          252    .text.set_reg_bits  peripheral_pinctrl.o
    0x0202b28c   0x0202b28c   0x0000003a   Code   RO          348    .text.set_reg_bits  peripheral_sysctrl.o
    0x0202b2c6   0x0202b2c6   0x00000002   PAD
    0x0202b2c8   0x0202b2c8   0x0000006a   Code   RO           55    .text.setup_adv     profile.o
    0x0202b332   0x0202b332   0x00000002   PAD
    0x0202b334   0x0202b334   0x00000040   Code   RO           97    .text.setup_pll_clk_and_sleep_para  app.o
    0x0202b374   0x0202b374   0x00000090   Code   RO           23    .text.setup_profile  profile.o
    0x0202b404   0x0202b404   0x000000a0   Code   RO          250    .text.source_id_on_pin  peripheral_pinctrl.o
    0x0202b4a4   0x0202b4a4   0x0000000e   Code   RO           37    .text.stack_on_first_wake_up  profile.o
    0x0202b4b2   0x0202b4b2   0x00000002   PAD
    0x0202b4b4   0x0202b4b4   0x0000009a   Code   RO          781    .text.throughput_att_read_callback  throughput_service.o
    0x0202b54e   0x0202b54e   0x00000002   PAD
    0x0202b550   0x0202b550   0x000000a2   Code   RO          783    .text.throughput_att_write_callback  throughput_service.o
    0x0202b5f2   0x0202b5f2   0x00000002   PAD
    0x0202b5f4   0x0202b5f4   0x00000114   Code   RO          805    .text.throughput_characteristic_discovery_callback  throughput_service.o
    0x0202b708   0x0202b708   0x0000002e   Code   RO          795    .text.throughput_clear_send_data  throughput_service.o
    0x0202b736   0x0202b736   0x00000002   PAD
    0x0202b738   0x0202b738   0x000000d4   Code   RO          809    .text.throughput_descriptor_discovery_callback  throughput_service.o
    0x0202b80c   0x0202b80c   0x00000034   Code   RO          797    .text.throughput_discover_services  throughput_service.o
    0x0202b840   0x0202b840   0x00000018   Code   RO          785    .text.throughput_event_connected  throughput_service.o
    0x0202b858   0x0202b858   0x0000002c   Code   RO          787    .text.throughput_event_disconnect  throughput_service.o
    0x0202b884   0x0202b884   0x000000a8   Code   RO          791    .text.throughput_i_am_master_send_data  throughput_service.o
    0x0202b92c   0x0202b92c   0x000000a0   Code   RO          789    .text.throughput_i_am_slave_send_data  throughput_service.o
    0x0202b9cc   0x0202b9cc   0x00000044   Code   RO          815    .text.throughput_notification_listen_handler  throughput_service.o
    0x0202ba10   0x0202ba10   0x000000b8   Code   RO          799    .text.throughput_service_discovery_callback  throughput_service.o
    0x0202bac8   0x0202bac8   0x00000082   Code   RO          779    .text.throughput_service_init  throughput_service.o
    0x0202bb4a   0x0202bb4a   0x00000002   PAD
    0x0202bb4c   0x0202bb4c   0x00000072   Code   RO          793    .text.throughput_user_msg_handler  throughput_service.o
    0x0202bbbe   0x0202bbbe   0x00000002   PAD
    0x0202bbc0   0x0202bbc0   0x0000004c   Code   RO          666    .text.timer_start_main_cmd_data  bt_cmd_data_uart_io_adp.o
    0x0202bc0c   0x0202bc0c   0x00000012   Code   RO            6    .text.trim_rf_freq  main.o
    0x0202bc1e   0x0202bc1e   0x00000002   PAD
    0x0202bc20   0x0202bc20   0x00000070   Code   RO           53    .text.user_msg_handler  profile.o
    0x0202bc90   0x0202bc90   0x000001e4   Code   RO           31    .text.user_packet_handler  profile.o
    0x0202be74   0x0202be74   0x0000007e   Code   RO          135    .text.write_flash   eflash.o
    0x0202bef2   0x0202bef2   0x0000000a   Ven    RO          965    Veneer$$Code        anon$$obj.o
    0x0202befc   0x0202befc   0x00000028   Code   RO          877    i.__0sprintf        mc_w.l(printfa.o)
    0x0202bf24   0x0202bf24   0x0000000e   Code   RO          957    i.__scatterload_copy  mc_w.l(handlers.o)
    0x0202bf32   0x0202bf32   0x00000002   Code   RO          958    i.__scatterload_null  mc_w.l(handlers.o)
    0x0202bf34   0x0202bf34   0x0000000e   Code   RO          959    i.__scatterload_zeroinit  mc_w.l(handlers.o)
    0x0202bf42   0x0202bf42   0x00000002   PAD
    0x0202bf44   0x0202bf44   0x00000184   Code   RO          882    i._fp_digits        mc_w.l(printfa.o)
    0x0202c0c8   0x0202c0c8   0x000006dc   Code   RO          883    i._printf_core      mc_w.l(printfa.o)
    0x0202c7a4   0x0202c7a4   0x00000024   Code   RO          884    i._printf_post_padding  mc_w.l(printfa.o)
    0x0202c7c8   0x0202c7c8   0x0000002e   Code   RO          885    i._printf_pre_padding  mc_w.l(printfa.o)
    0x0202c7f6   0x0202c7f6   0x0000000a   Code   RO          887    i._sputc            mc_w.l(printfa.o)
    0x0202c800   0x0202c800   0x0000000b   Data   RO           73    .rodata.adv_data    profile.o
    0x0202c80b   0x0202c80b   0x00000001   PAD
    0x0202c80c   0x0202c80c   0x00000006   Data   RO           78    .rodata.adv_sets_en  profile.o
    0x0202c812   0x0202c812   0x00000002   PAD
    0x0202c814   0x0202c814   0x00000008   Data   RO          849    .rodata.at_set      bt_at_cmd_parse.o
    0x0202c81c   0x0202c81c   0x0000000c   Data   RO           70    .rodata.configs     profile.o
    0x0202c828   0x0202c828   0x0000031e   Data   RO          266    .rodata.io_output_source_map  peripheral_pinctrl.o
    0x0202cb46   0x0202cb46   0x00000012   Data   RO           77    .rodata.phy_configs  profile.o
    0x0202cb58   0x0202cb58   0x00000048   Data   RO          155    .rodata.prog_security_page_read  eflash.o
    0x0202cba0   0x0202cba0   0x00000001   Data   RO           74    .rodata.scan_data   profile.o
    0x0202cba1   0x0202cba1   0x000000af   Data   RO           15    .rodata.str1.1      main.o
    0x0202cc50   0x0202cc50   0x0000007e   Data   RO           66    .rodata.str1.1      profile.o
    0x0202ccce   0x0202ccce   0x0000009f   Data   RO          113    .rodata.str1.1      app.o
    0x0202cd6d   0x0202cd6d   0x00000066   Data   RO          691    .rodata.str1.1      bt_cmd_data_uart_io_adp.o
    0x0202cdd3   0x0202cdd3   0x0000000d   Data   RO          742    .rodata.str1.1      sdk_private_flash_data.o
    0x0202cde0   0x0202cde0   0x00000036   Data   RO          767    .rodata.str1.1      low_power.o
    0x0202ce16   0x0202ce16   0x000000ba   Data   RO          829    .rodata.str1.1      throughput_service.o
    0x0202ced0   0x0202ced0   0x00000024   Data   RO          852    .rodata.str1.1      bt_at_cmd_parse.o
    0x0202cef4   0x0202cef4   0x00000010   Data   RO          827    .rodata.throughput_char_info_uuid128  throughput_service.o
    0x0202cf04   0x0202cf04   0x00000010   Data   RO          825    .rodata.throughput_char_io_uuid128  throughput_service.o
    0x0202cf14   0x0202cf14   0x00000010   Data   RO          823    .rodata.throughput_char_write_notify_uuid128  throughput_service.o
    0x0202cf24   0x0202cf24   0x00000010   Data   RO          822    .rodata.throughput_service_uuid128  throughput_service.o
    0x0202cf34   0x0202cf34   0x00000030   Data   RO          956    Region$$Table       anon$$obj.o


    Execution Region RW_IRAM1 (Exec base: 0x20005438, Load base: 0x0202cf68, Size: 0x00000aac, Max: 0x00001bc8, ABSOLUTE, COMPRESSED[0x000000d0])

    Exec Addr    Load Addr    Size         Type   Attr      Idx    E Section Name        Object

    0x20005438   COMPRESSED   0x00000030   Data   RW          851    .data.at_set_body   bt_at_cmd_parse.o
    0x20005468   COMPRESSED   0x00000004   Data   RW          850    .data.at_set_num    bt_at_cmd_parse.o
    0x2000546c   COMPRESSED   0x00000001   Data   RW          687    .data.bt_cmd_data_uart_recv_data.trig_source_last  bt_cmd_data_uart_io_adp.o
    0x2000546d   COMPRESSED   0x00000001   PAD
    0x2000546e   COMPRESSED   0x00000002   Data   RW          833    .data.char_config_notification  throughput_service.o
    0x20005470   COMPRESSED   0x00000058   Data   RW           14    .data.evt_cb_table  main.o
    0x200054c8   COMPRESSED   0x000000a8   Data   RW          740    .data.g_power_off_save_data_in_ram  sdk_private_flash_data.o
    0x20005570   COMPRESSED   0x00000002   Data   RW           71    .data.i_am_master_conn_handle  profile.o
    0x20005572   COMPRESSED   0x00000002   Data   RW           72    .data.i_am_slave_conn_handle  profile.o
    0x20005574   COMPRESSED   0x00000001   Data   RW           76    .data.initiating_id  profile.o
    0x20005575   COMPRESSED   0x00000001   Data   RW          764    .data.low_power_exit_saving.last_reason  low_power.o
    0x20005576   COMPRESSED   0x00000002   PAD
    0x20005578   COMPRESSED   0x00000004   Data   RW          741    .data.p_power_off_save_data_in_flash  sdk_private_flash_data.o
    0x2000557c   COMPRESSED   0x00000064   Data   RW          821    .data.peer_slave    throughput_service.o
    0x200055e0   COMPRESSED   0x00000002   Data   RW          826    .data.throughput_att_io_handle  throughput_service.o
    0x200055e2   COMPRESSED   0x00000002   Data   RW          824    .data.throughput_att_write_notify_handle  throughput_service.o
    0x200055e4   COMPRESSED   0x00000001   Data   RW          828    .data.throughput_char_info_data  throughput_service.o
    0x200055e5   COMPRESSED   0x00000001   PAD
    0x200055e6   COMPRESSED   0x00000002   Data   RW          831    .data.throughput_con_handle  throughput_service.o
    0x200055e8        -       0x00000004   Zero   RW          634    .bss.att_db         att_db_util.o
    0x200055ec        -       0x00000002   Zero   RW          635    .bss.att_db_max_size  att_db_util.o
    0x200055ee        -       0x00000002   Zero   RW          637    .bss.att_db_next_handle  att_db_util.o
    0x200055f0        -       0x00000002   Zero   RW          636    .bss.att_db_size    att_db_util.o
    0x200055f2        -       0x000001f4   Zero   RW           69    .bss.att_db_storage  profile.o
    0x200057e6   COMPRESSED   0x00000002   PAD
    0x200057e8        -       0x00000338   Zero   RW          685    .bss.ble_buf        bt_cmd_data_uart_io_adp.o
    0x20005b20        -       0x00000001   Zero   RW          686    .bss.bt_cmd_data_uart_recv_data.have_data_no_process  bt_cmd_data_uart_io_adp.o
    0x20005b21   COMPRESSED   0x00000003   PAD
    0x20005b24        -       0x00000004   Zero   RW          688    .bss.bt_cmd_data_uart_recv_data.trig_timer_cnt  bt_cmd_data_uart_io_adp.o
    0x20005b28        -       0x00000040   Zero   RW          693    .bss.cmd_out_buf    bt_cmd_data_uart_io_adp.o
    0x20005b68        -       0x00000338   Zero   RW          684    .bss.com_buf        bt_cmd_data_uart_io_adp.o
    0x20005ea0        -       0x00000004   Zero   RW           67    .bss.create_conn_timer  profile.o
    0x20005ea4        -       0x00000004   Zero   RW          768    .bss.enter_low_power_timer  low_power.o
    0x20005ea8        -       0x00000001   Zero   RW          765    .bss.exit_saving    low_power.o
    0x20005ea9   COMPRESSED   0x00000001   PAD
    0x20005eaa        -       0x00000002   Zero   RW          763    .bss.g_sys_work_status_bits  low_power.o
    0x20005eac        -       0x00000004   Zero   RW           79    .bss.gap_is_connection_cancel  profile.o
    0x20005eb0        -       0x00000008   Zero   RW           68    .bss.hci_event_callback_registration  profile.o
    0x20005eb8        -       0x00000004   Zero   RW          832    .bss.i_am_master_send_data_num  throughput_service.o
    0x20005ebc        -       0x00000001   Zero   RW           75    .bss.is_scanning    profile.o
    0x20005ebd   COMPRESSED   0x00000003   PAD
    0x20005ec0        -       0x00000004   Zero   RW          766    .bss.low_power_task_BinarySemaphore  low_power.o
    0x20005ec4        -       0x00000004   Zero   RW          769    .bss.low_power_task_handler  low_power.o
    0x20005ec8        -       0x00000001   Zero   RW          770    .bss.low_power_timer_is_run  low_power.o
    0x20005ec9   COMPRESSED   0x00000003   PAD
    0x20005ecc        -       0x00000004   Zero   RW          690    .bss.m_main_cmd_data_timer  bt_cmd_data_uart_io_adp.o
    0x20005ed0        -       0x00000004   Zero   RW          689    .bss.m_main_cmd_data_timer_state  bt_cmd_data_uart_io_adp.o
    0x20005ed4        -       0x00000004   Zero   RW          692    .bss.sem_cmd_process  bt_cmd_data_uart_io_adp.o
    0x20005ed8        -       0x00000001   Zero   RW          830    .bss.throughput_notify_enable  throughput_service.o
    0x20005ed9   COMPRESSED   0x00000003   PAD
    0x20005edc        -       0x00000004   Zero   RW          771    .bss.xHigherPriorityTaskWoken  low_power.o
    0x20005ee0        -       0x00000004   Zero   RW          121    STACK               startup_ing91600.o


    Execution Region RW_IRAM2 (Exec base: 0x20007000, Load base: 0x0202d038, Size: 0x000005e4, Max: 0x00001000, ABSOLUTE)

    Exec Addr    Load Addr    Size         Type   Attr      Idx    E Section Name        Object

    0x20007000   0x0202d038   0x000005b2   Code   RO            2    .ramfunc            main.o
    0x200075b2   0x0202d5ea   0x0000000a   Ven    RO          966    Veneer$$Code        anon$$obj.o
    0x200075bc   0x0202d5f4   0x0000000a   Ven    RO          967    Veneer$$Code        anon$$obj.o
    0x200075c6   0x0202d5fe   0x0000000a   Ven    RO          968    Veneer$$Code        anon$$obj.o
    0x200075d0   0x0202d608   0x0000000a   Ven    RO          969    Veneer$$Code        anon$$obj.o
    0x200075da   0x0202d612   0x0000000a   Ven    RO          970    Veneer$$Code        anon$$obj.o


==============================================================================

Image component sizes


      Code (inc. data)   RO Data    RW Data    ZI Data      Debug   Object Name

       828          0        159          0          0      13612   app.o
       808          0          0          0         10       3787   att_db_util.o
       938          0         44         52          0       3579   bt_at_cmd_parse.o
      1890          0        102          1       1729       7352   bt_cmd_data_uart_io_adp.o
       616          0         72          0          0       4159   eflash.o
       482          0         54          1         20       3394   low_power.o
      1696          4        175         88          0       8311   main.o
      1380          0          0          0          0       7207   peripheral_gpio.o
      1178          0        798          0          0      13523   peripheral_pinctrl.o
      1546         50          0          0          0      22516   peripheral_sysctrl.o
        30          0          0          0          0       4922   peripheral_timer.o
       348          0          0          0          0       5785   peripheral_uart.o
      1870          0        174          5        517      10030   profile.o
       288          0         13        172          0       2504   sdk_private_flash_data.o
        40         12          8          0          4        436   startup_ing91600.o
      1984          0        250        109          5       8392   throughput_service.o

    ----------------------------------------------------------------------
     16100         66       1900        432       2300     119509   Object Totals
        60          0         48          0          0          0   (incl. Generated)
       118          0          3          4         15          0   (incl. Padding)

    ----------------------------------------------------------------------

      Code (inc. data)   RO Data    RW Data    ZI Data      Debug   Library Member Name

        58          0          0          0          0          0   __dczerorl.o
         0          0          0          0          0          0   entry.o
         0          0          0          0          0          0   entry10a.o
         0          0          0          0          0          0   entry11a.o
         8          4          0          0          0          0   entry2.o
         4          0          0          0          0          0   entry5.o
         0          0          0          0          0          0   entry7b.o
         0          0          0          0          0          0   entry8b.o
         8          4          0          0          0          0   entry9a.o
        30          0          0          0          0          0   handlers.o
        36          8          0          0          0         68   init.o
         0          0          0          0          0          0   iusefp.o
        30          0          0          0          0         68   llshl.o
        36          0          0          0          0         68   llsshr.o
        32          0          0          0          0         68   llushr.o
        26          0          0          0          0         80   memcmp.o
        36          0          0          0          0         68   memcpya.o
      2276         86          0          0          0        520   printfa.o
        14          0          0          0          0         68   strlen.o
        24          0          0          0          0         76   strncpy.o
        44          0          0          0          0         80   uidiv.o
        98          0          0          0          0         92   uldiv.o
        48          0          0          0          0         68   cdrcmple.o
       334          0          0          0          0        148   dadd.o
       222          0          0          0          0        100   ddiv.o
       186          0          0          0          0        176   depilogue.o
        48          0          0          0          0         68   dfixul.o
       228          0          0          0          0         96   dmul.o

    ----------------------------------------------------------------------
      3832        102          0          0          0       1912   Library Totals
         6          0          0          0          0          0   (incl. Padding)

    ----------------------------------------------------------------------

      Code (inc. data)   RO Data    RW Data    ZI Data      Debug   Library Name

      2760        102          0          0          0       1256   mc_w.l
      1066          0          0          0          0        656   mf_w.l

    ----------------------------------------------------------------------
      3832        102          0          0          0       1912   Library Totals

    ----------------------------------------------------------------------

==============================================================================


      Code (inc. data)   RO Data    RW Data    ZI Data      Debug   

     19932        168       1900        432       2300     120437   Grand Totals
     19932        168       1900        208       2300     120437   ELF Image Totals (compressed)
     19932        168       1900        208          0          0   ROM Totals

==============================================================================

    Total RO  Size (Code + RO Data)                21832 (  21.32kB)
    Total RW  Size (RW Data + ZI Data)              2732 (   2.67kB)
    Total ROM Size (Code + RO Data + RW Data)      22040 (  21.52kB)

==============================================================================

